Archive member included to satisfy reference by file (symbol)

/usr/bin/../lib/gcc/arm-none-eabi/7.3.1/../../../../arm-none-eabi/lib/thumb/v7e-m/fpv4-sp/hard/libc.a(lib_a-abs.o)
                              _build/kobukiActuator.o (abs)
/usr/bin/../lib/gcc/arm-none-eabi/7.3.1/../../../../arm-none-eabi/lib/thumb/v7e-m/fpv4-sp/hard/libc.a(lib_a-atof.o)
                              _build/main.o (atof)
/usr/bin/../lib/gcc/arm-none-eabi/7.3.1/../../../../arm-none-eabi/lib/thumb/v7e-m/fpv4-sp/hard/libc.a(lib_a-exit.o)
                              /usr/bin/../lib/gcc/arm-none-eabi/7.3.1/../../../../arm-none-eabi/lib/thumb/v7e-m/fpv4-sp/hard/crt0.o (exit)
/usr/bin/../lib/gcc/arm-none-eabi/7.3.1/../../../../arm-none-eabi/lib/thumb/v7e-m/fpv4-sp/hard/libc.a(lib_a-impure.o)
                              /usr/bin/../lib/gcc/arm-none-eabi/7.3.1/../../../../arm-none-eabi/lib/thumb/v7e-m/fpv4-sp/hard/libc.a(lib_a-exit.o) (_global_impure_ptr)
/usr/bin/../lib/gcc/arm-none-eabi/7.3.1/../../../../arm-none-eabi/lib/thumb/v7e-m/fpv4-sp/hard/libc.a(lib_a-init.o)
                              /usr/bin/../lib/gcc/arm-none-eabi/7.3.1/../../../../arm-none-eabi/lib/thumb/v7e-m/fpv4-sp/hard/crt0.o (__libc_init_array)
/usr/bin/../lib/gcc/arm-none-eabi/7.3.1/../../../../arm-none-eabi/lib/thumb/v7e-m/fpv4-sp/hard/libc.a(lib_a-locale.o)
                              _build/nrf_log_str_formatter.o (__locale_ctype_ptr)
/usr/bin/../lib/gcc/arm-none-eabi/7.3.1/../../../../arm-none-eabi/lib/thumb/v7e-m/fpv4-sp/hard/libc.a(lib_a-mbtowc_r.o)
                              /usr/bin/../lib/gcc/arm-none-eabi/7.3.1/../../../../arm-none-eabi/lib/thumb/v7e-m/fpv4-sp/hard/libc.a(lib_a-locale.o) (__ascii_mbtowc)
/usr/bin/../lib/gcc/arm-none-eabi/7.3.1/../../../../arm-none-eabi/lib/thumb/v7e-m/fpv4-sp/hard/libc.a(lib_a-memcmp.o)
                              _build/nrf_twi_mngr.o (memcmp)
/usr/bin/../lib/gcc/arm-none-eabi/7.3.1/../../../../arm-none-eabi/lib/thumb/v7e-m/fpv4-sp/hard/libc.a(lib_a-memcpy.o)
                              _build/main.o (memcpy)
/usr/bin/../lib/gcc/arm-none-eabi/7.3.1/../../../../arm-none-eabi/lib/thumb/v7e-m/fpv4-sp/hard/libc.a(lib_a-memset.o)
                              /usr/bin/../lib/gcc/arm-none-eabi/7.3.1/../../../../arm-none-eabi/lib/thumb/v7e-m/fpv4-sp/hard/crt0.o (memset)
/usr/bin/../lib/gcc/arm-none-eabi/7.3.1/../../../../arm-none-eabi/lib/thumb/v7e-m/fpv4-sp/hard/libc.a(lib_a-printf.o)
                              _build/main.o (printf)
/usr/bin/../lib/gcc/arm-none-eabi/7.3.1/../../../../arm-none-eabi/lib/thumb/v7e-m/fpv4-sp/hard/libc.a(lib_a-setbuf.o)
                              _build/before_startup.o (setbuf)
/usr/bin/../lib/gcc/arm-none-eabi/7.3.1/../../../../arm-none-eabi/lib/thumb/v7e-m/fpv4-sp/hard/libc.a(lib_a-setvbuf.o)
                              /usr/bin/../lib/gcc/arm-none-eabi/7.3.1/../../../../arm-none-eabi/lib/thumb/v7e-m/fpv4-sp/hard/libc.a(lib_a-setbuf.o) (setvbuf)
/usr/bin/../lib/gcc/arm-none-eabi/7.3.1/../../../../arm-none-eabi/lib/thumb/v7e-m/fpv4-sp/hard/libc.a(lib_a-snprintf.o)
                              _build/main.o (snprintf)
/usr/bin/../lib/gcc/arm-none-eabi/7.3.1/../../../../arm-none-eabi/lib/thumb/v7e-m/fpv4-sp/hard/libc.a(lib_a-strcmp.o)
                              /usr/bin/../lib/gcc/arm-none-eabi/7.3.1/../../../../arm-none-eabi/lib/thumb/v7e-m/fpv4-sp/hard/libc.a(lib_a-locale.o) (strcmp)
/usr/bin/../lib/gcc/arm-none-eabi/7.3.1/../../../../arm-none-eabi/lib/thumb/v7e-m/fpv4-sp/hard/libc.a(lib_a-strcpy.o)
                              _build/SEGGER_RTT.o (strcpy)
/usr/bin/../lib/gcc/arm-none-eabi/7.3.1/../../../../arm-none-eabi/lib/thumb/v7e-m/fpv4-sp/hard/libc.a(lib_a-strlen.o)
                              _build/display.o (strlen)
/usr/bin/../lib/gcc/arm-none-eabi/7.3.1/../../../../arm-none-eabi/lib/thumb/v7e-m/fpv4-sp/hard/libc.a(lib_a-strtod.o)
                              /usr/bin/../lib/gcc/arm-none-eabi/7.3.1/../../../../arm-none-eabi/lib/thumb/v7e-m/fpv4-sp/hard/libc.a(lib_a-atof.o) (strtod)
/usr/bin/../lib/gcc/arm-none-eabi/7.3.1/../../../../arm-none-eabi/lib/thumb/v7e-m/fpv4-sp/hard/libc.a(lib_a-svfprintf.o)
                              /usr/bin/../lib/gcc/arm-none-eabi/7.3.1/../../../../arm-none-eabi/lib/thumb/v7e-m/fpv4-sp/hard/libc.a(lib_a-snprintf.o) (_svfprintf_r)
/usr/bin/../lib/gcc/arm-none-eabi/7.3.1/../../../../arm-none-eabi/lib/thumb/v7e-m/fpv4-sp/hard/libc.a(lib_a-vfprintf.o)
                              /usr/bin/../lib/gcc/arm-none-eabi/7.3.1/../../../../arm-none-eabi/lib/thumb/v7e-m/fpv4-sp/hard/libc.a(lib_a-printf.o) (_vfprintf_r)
/usr/bin/../lib/gcc/arm-none-eabi/7.3.1/../../../../arm-none-eabi/lib/thumb/v7e-m/fpv4-sp/hard/libc.a(lib_a-vsnprintf.o)
                              _build/simple_logger.o (vsnprintf)
/usr/bin/../lib/gcc/arm-none-eabi/7.3.1/../../../../arm-none-eabi/lib/thumb/v7e-m/fpv4-sp/hard/libc.a(lib_a-wctomb_r.o)
[...]
Memory Configuration

Name             Origin             Length             Attributes
FLASH            0x0000000000026000 0x0000000000059000 xr
RAM              0x00000000200098a8 0x0000000000006758 xrw
bootloader_settings_page 0x000000000007f000 0x0000000000001000 r
uicr_bootloader_start_address 0x0000000010001014 0x0000000000000004 r
*default*        0x0000000000000000 0xffffffffffffffff

Linker script and memory map


.text           0x0000000000026000    0x15a0c
 *(.isr_vector)
 .isr_vector    0x0000000000026000      0x200 _build/gcc_startup_nrf52.os
                0x0000000000026000                __isr_vector
 *(.text*)
 .text          0x0000000000026200       0x40 /usr/bin/../lib/gcc/arm-none-eabi/7.3.1/thumb/v7e-m/fpv4-sp/hard/crtbegin.o
 .text          0x0000000000026240       0x74 /usr/bin/../lib/gcc/arm-none-eabi/7.3.1/../../../../arm-none-eabi/lib/thumb/v7e-m/fpv4-sp/hard/crt0.o
                0x0000000000026240                _mainCRTStartup
                0x0000000000026240                _start
 *fill*         0x00000000000262b4        0x4 
 .text.measure_distance.part.3
                0x00000000000262b8       0x64 _build/main.o
 .text.nrf_delay_ms.part.0
                0x000000000002631c       0x1c _build/main.o
 .text.getPressure
                0x0000000000026338       0x3c _build/main.o
                0x0000000000026338                getPressure
 .text.ble_evt_write
                0x0000000000026374       0x4c _build/main.o
                0x0000000000026374                ble_evt_write
 .text.ble_evt_disconnected
                0x00000000000263c0       0x1c _build/main.o
                0x00000000000263c0                ble_evt_disconnected
 .text.ble_evt_connected
                0x00000000000263dc       0x38 _build/main.o
                0x00000000000263dc                ble_evt_connected
 .text.print_state
                0x0000000000026414       0x70 _build/main.o
                0x0000000000026414                print_state
 *fill*         0x0000000000026484        0x4 
 .text.startup.main
                0x0000000000026488      0x7f4 _build/main.o
                0x0000000000026488                main
 .text.nrf_gpio_pin_port_decode.isra.0.part.1
                0x0000000000026c7c       0x10 _build/ultrasonic.o
 .text.ultras_virtual_timer_init
                0x0000000000026c8c       0x84 _build/ultrasonic.o
                0x0000000000026c8c                ultras_virtual_timer_init
 .text.ultras_get_distance
                0x0000000000026d10       0x40 _build/ultrasonic.o
                0x0000000000026d10                ultras_get_distance
 .text.nrf_drv_spi_transfer.constprop.1
                0x0000000000026d50       0x1c _build/display.o
 .text.nrf_delay_ms.part.0.constprop.2
                0x0000000000026d6c       0x1c _build/display.o
 .text.display_init
                0x0000000000026d88       0xf0 _build/display.o
                0x0000000000026d88                display_init
 .text.display_write
                0x0000000000026e78       0xa4 _build/display.o
                0x0000000000026e78                display_write
 .text.kobukiReadFeedbackPacket
                0x0000000000026f1c      0x1a0 _build/kobukiUART.o
                0x0000000000026f1c                kobukiReadFeedbackPacket
 .text.kobukiParseSensorPacket
                0x00000000000270bc      0x320 _build/kobukiSensor.o
                0x00000000000270bc                kobukiParseSensorPacket
 .text.kobukiUARTInit
                0x00000000000273dc       0x18 _build/kobukiUtilities.o
                0x00000000000273dc                kobukiUARTInit
 .text.kobukiInit
                0x00000000000273f4       0x38 _build/kobukiUtilities.o
                0x00000000000273f4                kobukiInit
 .text.checkSumRead
                0x000000000002742c       0x18 _build/kobukiUtilities.o
                0x000000000002742c                checkSumRead
 .text.checkSum
                0x0000000000027444        0x4 _build/kobukiUtilities.o
                0x0000000000027444                checkSum
 .text.is_button_pressed
                0x0000000000027448       0x44 _build/kobukiUtilities.o
                0x0000000000027448                is_button_pressed
 .text.kobukiSensorPoll
                0x000000000002748c       0x2a _build/kobukiSensorPoll.o
                0x000000000002748c                kobukiSensorPoll
 *fill*         0x00000000000274b6        0x2 
 .text.kobukiSendPayload
                0x00000000000274b8       0x50 _build/kobukiActuator.o
 .text.kobukiDriveRadius
                0x0000000000027508       0x38 _build/kobukiActuator.o
                0x0000000000027508                kobukiDriveRadius
 .text.kobukiDriveDirect
                0x0000000000027540       0x98 _build/kobukiActuator.o
                0x0000000000027540                kobukiDriveDirect
 .text.nrf_delay_ms.part.0
                0x00000000000275d8       0x1c _build/better_error_handling.o
 .text.app_error_fault_handler
                0x00000000000275f4      0x128 _build/better_error_handling.o
                0x00000000000275f4                app_error_fault_handler
 .text.HardFault_process
                0x000000000002771c       0x9a _build/better_error_handling.o
                0x000000000002771c                HardFault_process
 .text.gyro_timer_event_handler
                0x00000000000277b6        0x2 _build/lsm9ds1.o
 .text.i2c_reg_write
                0x00000000000277b8       0x48 _build/lsm9ds1.o
 .text.i2c_reg_read.constprop.0
                0x0000000000027800       0x64 _build/lsm9ds1.o
 .text.i2c_read_bytes.constprop.1
                0x0000000000027864       0x58 _build/lsm9ds1.o
 .text.calcgRes
                0x00000000000278bc       0x38 _build/lsm9ds1.o
                0x00000000000278bc                calcgRes
 .text.calcaRes
                0x00000000000278f4       0x44 _build/lsm9ds1.o
                0x00000000000278f4                calcaRes
 .text.calcmRes
                0x0000000000027938       0x44 _build/lsm9ds1.o
                0x0000000000027938                calcmRes
 .text.lsm9ds1_whoami_ag
                0x000000000002797c        0xc _build/lsm9ds1.o
                0x000000000002797c                lsm9ds1_whoami_ag
 .text.lsm9ds1_whoami_m
                0x0000000000027988        0xc _build/lsm9ds1.o
                0x0000000000027988                lsm9ds1_whoami_m
 .text.initGyro
                0x0000000000027994       0xa8 _build/lsm9ds1.o
                0x0000000000027994                initGyro
 .text.initAccel
                0x0000000000027a3c       0x74 _build/lsm9ds1.o
                0x0000000000027a3c                initAccel
 .text.initMag  0x0000000000027ab0       0x7c _build/lsm9ds1.o
                0x0000000000027ab0                initMag
 .text.lsm9ds1_init
                0x0000000000027b2c       0xec _build/lsm9ds1.o
                0x0000000000027b2c                lsm9ds1_init
 .text.lsm9ds1_read_gyro
                0x0000000000027c18       0xb8 _build/lsm9ds1.o
                0x0000000000027c18                lsm9ds1_read_gyro
 .text.lsm9ds1_start_gyro_integration
                0x0000000000027cd0       0x3c _build/lsm9ds1.o
                0x0000000000027cd0                lsm9ds1_start_gyro_integration
 .text.lsm9ds1_stop_gyro_integration
                0x0000000000027d0c        0xc _build/lsm9ds1.o
                0x0000000000027d0c                lsm9ds1_stop_gyro_integration
 .text.lsm9ds1_read_gyro_integration
                0x0000000000027d18       0xd0 _build/lsm9ds1.o
                0x0000000000027d18                lsm9ds1_read_gyro_integration
 .text._GetAvailWriteSpace
                0x0000000000027de8       0x1c _build/SEGGER_RTT.o
 .text._WriteNoCheck
                0x0000000000027e04       0x3a _build/SEGGER_RTT.o
 .text._WriteBlocking
                0x0000000000027e3e       0x52 _build/SEGGER_RTT.o
 .text._DoInit  0x0000000000027e90       0x60 _build/SEGGER_RTT.o
 .text.SEGGER_RTT_WriteNoLock
                0x0000000000027ef0       0x68 _build/SEGGER_RTT.o
                0x0000000000027ef0                SEGGER_RTT_WriteNoLock
 .text.SEGGER_RTT_Write
                0x0000000000027f58       0x3c _build/SEGGER_RTT.o
                0x0000000000027f58                SEGGER_RTT_Write
 .text._write_r
                0x0000000000027f94       0x12 _build/SEGGER_RTT_Syscalls_GCC.o
                0x0000000000027f94                _write_r
 .text.app_error_handler
                0x0000000000027fa6       0x1a _build/app_error_handler_gcc.o
                0x0000000000027fa6                app_error_handler
 .text.pwm_dealloc
                0x0000000000027fc0       0x58 _build/app_pwm.o
 .text.pwm_ready_tick
                0x0000000000028018       0x5c _build/app_pwm.o
                0x0000000000028018                pwm_ready_tick
 .text.app_pwm_busy_check
                0x0000000000028074       0x3c _build/app_pwm.o
                0x0000000000028074                app_pwm_busy_check
 .text.app_pwm_channel_duty_ticks_set
                0x00000000000280b0      0x1a0 _build/app_pwm.o
                0x00000000000280b0                app_pwm_channel_duty_ticks_set
 .text.app_pwm_channel_duty_set
                0x0000000000028250       0x12 _build/app_pwm.o
                0x0000000000028250                app_pwm_channel_duty_set
 *fill*         0x0000000000028262        0x2 
 .text.app_pwm_init
                0x0000000000028264      0x344 _build/app_pwm.o
                0x0000000000028264                app_pwm_init
 .text.app_pwm_enable
                0x00000000000285a8       0x88 _build/app_pwm.o
                0x00000000000285a8                app_pwm_enable
 .text.user_op_alloc
                0x0000000000028630       0x2c _build/app_timer.o
 .text.timer_stop_op_schedule
                0x000000000002865c       0x50 _build/app_timer.o
 .text.nrfx_coredep_delay_us.constprop.3
                0x00000000000286ac       0x10 _build/app_timer.o
 .text.RTC1_IRQHandler
                0x00000000000286bc       0x9c _build/app_timer.o
                0x00000000000286bc                RTC1_IRQHandler
 .text.SWI0_EGU0_IRQHandler
                0x0000000000028758      0x2a4 _build/app_timer.o
                0x0000000000028758                SWI0_EGU0_IRQHandler
 .text.app_timer_init
                0x00000000000289fc       0x88 _build/app_timer.o
                0x00000000000289fc                app_timer_init
 .text.app_timer_create
                0x0000000000028a84       0x24 _build/app_timer.o
                0x0000000000028a84                app_timer_create
 .text.app_timer_start
                0x0000000000028aa8       0x88 _build/app_timer.o
                0x0000000000028aa8                app_timer_start
 .text.app_timer_stop
                0x0000000000028b30       0x20 _build/app_timer.o
                0x0000000000028b30                app_timer_stop
 .text.privilege_level_get
                0x0000000000028b50       0x1a _build/app_util_platform.o
                0x0000000000028b50                privilege_level_get
 *fill*         0x0000000000028b6a        0x2 
 .text.app_util_critical_region_enter
                0x0000000000028b6c       0x60 _build/app_util_platform.o
                0x0000000000028b6c                app_util_critical_region_enter
 .text.app_util_critical_region_exit
                0x0000000000028bcc       0x40 _build/app_util_platform.o
                0x0000000000028bcc                app_util_critical_region_exit
 .text.startup.called_first
                0x0000000000028c0c       0x10 _build/before_startup.o
                0x0000000000028c0c                called_first
 .text.HardFault_Handler
                0x0000000000028c1c       0x34 _build/hardfault_handler_gcc.o
                0x0000000000028c1c                HardFault_Handler
 .text.HardFault_c_handler
                0x0000000000028c50      0x104 _build/hardfault_implementation.o
                0x0000000000028c50                HardFault_c_handler
 .text.nrf_atomic_u32_fetch_store
                0x0000000000028d54       0x14 _build/nrf_atomic.o
                0x0000000000028d54                nrf_atomic_u32_fetch_store
 .text.nrf_atomic_u32_or
                0x0000000000028d68       0x16 _build/nrf_atomic.o
                0x0000000000028d68                nrf_atomic_u32_or
 .text.nrf_atomic_u32_fetch_and
                0x0000000000028d7e       0x16 _build/nrf_atomic.o
                0x0000000000028d7e                nrf_atomic_u32_fetch_and
 .text.nrf_atomic_u32_add
                0x0000000000028d94       0x16 _build/nrf_atomic.o
                0x0000000000028d94                nrf_atomic_u32_add
 .text.nrf_atomic_u32_sub
                0x0000000000028daa       0x16 _build/nrf_atomic.o
                0x0000000000028daa                nrf_atomic_u32_sub
 .text.nrf_atomic_flag_set
                0x0000000000028dc0        0x6 _build/nrf_atomic.o
                0x0000000000028dc0                nrf_atomic_flag_set
 .text.nrf_atomic_flag_clear_fetch
                0x0000000000028dc6        0x6 _build/nrf_atomic.o
                0x0000000000028dc6                nrf_atomic_flag_clear_fetch
 .text.nrf_balloc_alloc
                0x0000000000028dcc       0x5c _build/nrf_balloc.o
                0x0000000000028dcc                nrf_balloc_alloc
 .text.nrf_balloc_free
                0x0000000000028e28       0x50 _build/nrf_balloc.o
                0x0000000000028e28                nrf_balloc_free
 .text.clock_clk_started_notify
                0x0000000000028e78       0x28 _build/nrf_drv_clock.o
 .text.clock_irq_handler
                0x0000000000028ea0       0x1c _build/nrf_drv_clock.o
 .text.soc_evt_handler
                0x0000000000028ebc       0x14 _build/nrf_drv_clock.o
 .text.nrf_drv_clock_init
                0x0000000000028ed0       0x38 _build/nrf_drv_clock.o
                0x0000000000028ed0                nrf_drv_clock_init
 .text.nrf_drv_clock_lfclk_request
                0x0000000000028f08       0x84 _build/nrf_drv_clock.o
                0x0000000000028f08                nrf_drv_clock_lfclk_request
 .text.nrf_drv_clock_lfclk_release
                0x0000000000028f8c       0x60 _build/nrf_drv_clock.o
                0x0000000000028f8c                nrf_drv_clock_lfclk_release
 .text.sd_state_evt_handler
                0x0000000000028fec       0x6c _build/nrf_drv_clock.o
 .text.nrf_drv_ppi_init
                0x0000000000029058       0x14 _build/nrf_drv_ppi.o
                0x0000000000029058                nrf_drv_ppi_init
 .text.spim_evt_handler
                0x000000000002906c       0x3c _build/nrf_drv_spi.o
 .text.nrf_drv_spi_init
                0x00000000000290a8       0x80 _build/nrf_drv_spi.o
                0x00000000000290a8                nrf_drv_spi_init
 .text.twim_evt_handler
                0x0000000000029128       0x48 _build/nrf_drv_twi.o
 .text.nrf_gpio_pin_port_decode.isra.0.part.1
                0x0000000000029170       0x10 _build/nrf_drv_twi.o
 .text.nrf_gpio_pin_set
                0x0000000000029180       0x1c _build/nrf_drv_twi.o
 .text.nrfx_coredep_delay_us.constprop.2
                0x000000000002919c       0x10 _build/nrf_drv_twi.o
 .text.nrf_drv_twi_init
                0x00000000000291ac       0xf0 _build/nrf_drv_twi.o
                0x00000000000291ac                nrf_drv_twi_init
 .text.uarte_evt_handler
                0x000000000002929c       0x34 _build/nrf_drv_uart.o
 .text.uart_evt_handler
                0x00000000000292d0       0x34 _build/nrf_drv_uart.o
 .text.nrf_drv_uart_init
                0x0000000000029304       0x7c _build/nrf_drv_uart.o
                0x0000000000029304                nrf_drv_uart_init
 .text.invalid_packets_omit
                0x0000000000029380       0x3a _build/nrf_log_frontend.o
 *fill*         0x00000000000293ba        0x2 
 .text.buf_prealloc
                0x00000000000293bc      0x138 _build/nrf_log_frontend.o
 .text.buffer_is_empty
                0x00000000000294f4       0x14 _build/nrf_log_frontend.o
                0x00000000000294f4                buffer_is_empty
 .text.nrf_log_frontend_dequeue
                0x0000000000029508      0x228 _build/nrf_log_frontend.o
                0x0000000000029508                nrf_log_frontend_dequeue
 .text.std_n    0x0000000000029730       0xd8 _build/nrf_log_frontend.o
 .text.nrf_log_frontend_std_0
                0x0000000000029808        0x8 _build/nrf_log_frontend.o
                0x0000000000029808                nrf_log_frontend_std_0
 .text.nrf_log_frontend_std_1
                0x0000000000029810       0x14 _build/nrf_log_frontend.o
                0x0000000000029810                nrf_log_frontend_std_1
 .text.nrf_log_frontend_std_2
                0x0000000000029824       0x14 _build/nrf_log_frontend.o
                0x0000000000029824                nrf_log_frontend_std_2
 .text.nrf_log_frontend_std_3
                0x0000000000029838       0x18 _build/nrf_log_frontend.o
                0x0000000000029838                nrf_log_frontend_std_3
 .text.nrf_log_frontend_std_4
                0x0000000000029850       0x1c _build/nrf_log_frontend.o
                0x0000000000029850                nrf_log_frontend_std_4
 .text.nrf_log_panic
                0x000000000002986c       0x2c _build/nrf_log_frontend.o
                0x000000000002986c                nrf_log_panic
 .text.memobj_op
                0x0000000000029898       0xa4 _build/nrf_memobj.o
 .text.nrf_memobj_free
                0x000000000002993c       0x2c _build/nrf_memobj.o
                0x000000000002993c                nrf_memobj_free
 .text.nrf_memobj_alloc
                0x0000000000029968       0x5e _build/nrf_memobj.o
                0x0000000000029968                nrf_memobj_alloc
 .text.nrf_memobj_get
                0x00000000000299c6        0x8 _build/nrf_memobj.o
                0x00000000000299c6                nrf_memobj_get
 .text.nrf_memobj_put
                0x00000000000299ce       0x1e _build/nrf_memobj.o
                0x00000000000299ce                nrf_memobj_put
 .text.nrf_memobj_write
                0x00000000000299ec       0x2c _build/nrf_memobj.o
                0x00000000000299ec                nrf_memobj_write
 .text.nrf_pwr_mgmt_init
                0x0000000000029a18       0x2c _build/nrf_pwr_mgmt.o
                0x0000000000029a18                nrf_pwr_mgmt_init
 .text.queue_utilization_get
                0x0000000000029a44       0x18 _build/nrf_queue.o
 .text.nrf_queue_next_idx
                0x0000000000029a5c       0x20 _build/nrf_queue.o
 .text.queue_read
                0x0000000000029a7c       0x66 _build/nrf_queue.o
 *fill*         0x0000000000029ae2        0x2 
 .text.nrf_queue_is_full
                0x0000000000029ae4       0x28 _build/nrf_queue.o
                0x0000000000029ae4                nrf_queue_is_full
 .text.nrf_queue_push
                0x0000000000029b0c       0xc8 _build/nrf_queue.o
                0x0000000000029b0c                nrf_queue_push
 .text.nrf_queue_out
                0x0000000000029bd4       0x58 _build/nrf_queue.o
                0x0000000000029bd4                nrf_queue_out
 .text.nrf_queue_reset
                0x0000000000029c2c       0x38 _build/nrf_queue.o
                0x0000000000029c2c                nrf_queue_reset
 .text.nrf_queue_utilization_get
                0x0000000000029c64       0x38 _build/nrf_queue.o
                0x0000000000029c64                nrf_queue_utilization_get
 .text.nrf_queue_is_empty
                0x0000000000029c9c       0x24 _build/nrf_queue.o
                0x0000000000029c9c                nrf_queue_is_empty
 .text.nrf_queue_generic_pop
                0x0000000000029cc0       0xa8 _build/nrf_queue.o
                0x0000000000029cc0                nrf_queue_generic_pop
 .text.nrf_queue_available_get
                0x0000000000029d68       0x20 _build/nrf_queue.o
                0x0000000000029d68                nrf_queue_available_get
 .text.queue_write
                0x0000000000029d88       0x8a _build/nrf_queue.o
 *fill*         0x0000000000029e12        0x2 
 .text.nrf_queue_in
                0x0000000000029e14       0x64 _build/nrf_queue.o
                0x0000000000029e14                nrf_queue_in
 .text.nrf_section_iter_init
                0x0000000000029e78       0x30 _build/nrf_section_iter.o
                0x0000000000029e78                nrf_section_iter_init
 .text.nrf_section_iter_next
                0x0000000000029ea8       0x38 _build/nrf_section_iter.o
                0x0000000000029ea8                nrf_section_iter_next
 .text.event_handler
                0x0000000000029ee0        0xc _build/nrf_serial.o
 .text.serial_timeout_handler
                0x0000000000029eec        0x6 _build/nrf_serial.o
 *fill*         0x0000000000029ef2        0x2 
 .text.nrf_mtx_unlock
                0x0000000000029ef4       0x2c _build/nrf_serial.o
 .text.nrf_drv_uart_tx
                0x0000000000029f20       0x24 _build/nrf_serial.o
 .text.nrf_drv_uart_rx
                0x0000000000029f44       0x24 _build/nrf_serial.o
 .text.uart_event_handler
                0x0000000000029f68       0x9c _build/nrf_serial.o
 .text.nrf_mtx_trylock
                0x000000000002a004       0x28 _build/nrf_serial.o
 .text.nrf_drv_uart_tx_in_progress
                0x000000000002a02c       0x18 _build/nrf_serial.o
 .text.sleep_handler.isra.0
                0x000000000002a044        0xe _build/nrf_serial.o
 *fill*         0x000000000002a052        0x2 
 .text.timeout_setup.isra.1
                0x000000000002a054       0x58 _build/nrf_serial.o
 .text.serial_rx
                0x000000000002a0ac       0x6c _build/nrf_serial.o
 .text.nrf_serial_init
                0x000000000002a118      0x138 _build/nrf_serial.o
                0x000000000002a118                nrf_serial_init
 .text.nrf_serial_write
                0x000000000002a250      0x160 _build/nrf_serial.o
                0x000000000002a250                nrf_serial_write
 .text.nrf_serial_read
                0x000000000002a3b0       0xec _build/nrf_serial.o
                0x000000000002a3b0                nrf_serial_read
 .text.nrf_serial_flush
                0x000000000002a49c       0xbc _build/nrf_serial.o
                0x000000000002a49c                nrf_serial_flush
 .text.nrf_serial_rx_drain
                0x000000000002a558       0x60 _build/nrf_serial.o
                0x000000000002a558                nrf_serial_rx_drain
 .text.nrf_strerror_find
                0x000000000002a5b8       0x3c _build/nrf_strerror.o
                0x000000000002a5b8                nrf_strerror_find
 .text.nrf_strerror_get
                0x000000000002a5f4       0x14 _build/nrf_strerror.o
                0x000000000002a5f4                nrf_strerror_get
 .text.internal_transaction_cb
                0x000000000002a608        0xa _build/nrf_twi_mngr.o
 *fill*         0x000000000002a612        0x2 
 .text.transaction_end_signal
                0x000000000002a614       0x30 _build/nrf_twi_mngr.o
 .text.start_transfer
                0x000000000002a644       0xc4 _build/nrf_twi_mngr.o
 .text.start_pending_transaction
                0x000000000002a708       0xb8 _build/nrf_twi_mngr.o
 .text.twi_event_handler
                0x000000000002a7c0       0x58 _build/nrf_twi_mngr.o
 .text.nrf_twi_mngr_init
                0x000000000002a818       0x78 _build/nrf_twi_mngr.o
                0x000000000002a818                nrf_twi_mngr_init
 .text.nrf_twi_mngr_schedule
                0x000000000002a890       0x60 _build/nrf_twi_mngr.o
                0x000000000002a890                nrf_twi_mngr_schedule
 .text.nrf_twi_mngr_perform
                0x000000000002a8f0       0x80 _build/nrf_twi_mngr.o
                0x000000000002a8f0                nrf_twi_mngr_perform
 .text.nrfx_clock_init
                0x000000000002a970       0x2c _build/nrfx_clock.o
                0x000000000002a970                nrfx_clock_init
 .text.nrfx_clock_enable
                0x000000000002a99c       0x3c _build/nrfx_clock.o
                0x000000000002a99c                nrfx_clock_enable
 .text.nrfx_clock_lfclk_start
                0x000000000002a9d8       0x6c _build/nrfx_clock.o
                0x000000000002a9d8                nrfx_clock_lfclk_start
 .text.nrfx_clock_lfclk_stop
                0x000000000002aa44       0x30 _build/nrfx_clock.o
                0x000000000002aa44                nrfx_clock_lfclk_stop
 .text.POWER_CLOCK_IRQHandler
                0x000000000002aa74       0x64 _build/nrfx_clock.o
                0x000000000002aa74                POWER_CLOCK_IRQHandler
 .text.nrf_gpiote_event_clear
                0x000000000002aad8       0x18 _build/nrfx_gpiote.o
 .text.channel_free
                0x000000000002aaf0       0x1c _build/nrfx_gpiote.o
 .text.nrf_gpio_pin_port_decode.isra.0.part.1
                0x000000000002ab0c       0x10 _build/nrfx_gpiote.o
 .text.nrf_gpio_cfg_sense_set
                0x000000000002ab1c       0x2e _build/nrfx_gpiote.o
 *fill*         0x000000000002ab4a        0x2 
 .text.nrfx_gpiote_init
                0x000000000002ab4c       0x6c _build/nrfx_gpiote.o
                0x000000000002ab4c                nrfx_gpiote_init
 .text.nrfx_gpiote_is_init
                0x000000000002abb8       0x14 _build/nrfx_gpiote.o
                0x000000000002abb8                nrfx_gpiote_is_init
 .text.nrfx_gpiote_out_init
                0x000000000002abcc      0x11c _build/nrfx_gpiote.o
                0x000000000002abcc                nrfx_gpiote_out_init
 .text.nrfx_gpiote_out_uninit
                0x000000000002ace8       0x90 _build/nrfx_gpiote.o
                0x000000000002ace8                nrfx_gpiote_out_uninit
 .text.nrfx_gpiote_out_set
                0x000000000002ad78       0x5c _build/nrfx_gpiote.o
                0x000000000002ad78                nrfx_gpiote_out_set
 .text.nrfx_gpiote_out_clear
                0x000000000002add4       0x5c _build/nrfx_gpiote.o
                0x000000000002add4                nrfx_gpiote_out_clear
 .text.nrfx_gpiote_out_task_enable
                0x000000000002ae30       0x64 _build/nrfx_gpiote.o
                0x000000000002ae30                nrfx_gpiote_out_task_enable
 .text.nrfx_gpiote_set_task_addr_get
                0x000000000002ae94       0x48 _build/nrfx_gpiote.o
                0x000000000002ae94                nrfx_gpiote_set_task_addr_get
 .text.nrfx_gpiote_clr_task_addr_get
                0x000000000002aedc       0x48 _build/nrfx_gpiote.o
                0x000000000002aedc                nrfx_gpiote_clr_task_addr_get
 .text.nrfx_gpiote_out_task_force
                0x000000000002af24       0x70 _build/nrfx_gpiote.o
                0x000000000002af24                nrfx_gpiote_out_task_force
 .text.GPIOTE_IRQHandler
                0x000000000002af94      0x18c _build/nrfx_gpiote.o
                0x000000000002af94                GPIOTE_IRQHandler
 .text.nrfx_ppi_channel_alloc
                0x000000000002b120       0x68 _build/nrfx_ppi.o
                0x000000000002b120                nrfx_ppi_channel_alloc
 .text.nrfx_ppi_channel_free
                0x000000000002b188       0x44 _build/nrfx_ppi.o
                0x000000000002b188                nrfx_ppi_channel_free
 .text.nrfx_ppi_channel_assign
                0x000000000002b1cc       0x40 _build/nrfx_ppi.o
                0x000000000002b1cc                nrfx_ppi_channel_assign
 .text.nrfx_ppi_channel_enable
                0x000000000002b20c       0x30 _build/nrfx_ppi.o
                0x000000000002b20c                nrfx_ppi_channel_enable
 .text.nrfx_ppi_channel_disable
                0x000000000002b23c       0x30 _build/nrfx_ppi.o
                0x000000000002b23c                nrfx_ppi_channel_disable
 .text.UARTE0_UART0_IRQHandler
                0x000000000002b26c       0x20 _build/nrfx_prs.o
                0x000000000002b26c                UARTE0_UART0_IRQHandler
 .text.nrfx_prs_acquire
                0x000000000002b28c       0x50 _build/nrfx_prs.o
                0x000000000002b28c                nrfx_prs_acquire
 .text.nrfx_prs_release
                0x000000000002b2dc       0x28 _build/nrfx_prs.o
                0x000000000002b2dc                nrfx_prs_release
 .text.nrf_pwm_event_clear
                0x000000000002b304       0x10 _build/nrfx_pwm.o
 .text.irq_handler
                0x000000000002b314       0x80 _build/nrfx_pwm.o
 .text.PWM0_IRQHandler
                0x000000000002b394       0x10 _build/nrfx_pwm.o
                0x000000000002b394                PWM0_IRQHandler
 .text.PWM1_IRQHandler
                0x000000000002b3a4       0x10 _build/nrfx_pwm.o
                0x000000000002b3a4                PWM1_IRQHandler
 .text.PWM2_IRQHandler
                0x000000000002b3b4       0x10 _build/nrfx_pwm.o
                0x000000000002b3b4                PWM2_IRQHandler
 .text.nrf_saadc_event_clear
                0x000000000002b3c4       0x18 _build/nrfx_saadc.o
 .text.SAADC_IRQHandler
                0x000000000002b3dc      0x164 _build/nrfx_saadc.o
                0x000000000002b3dc                SAADC_IRQHandler
 .text.nrf_gpio_pin_port_decode.isra.0.part.1
                0x000000000002b540       0x10 _build/nrfx_spim.o
 .text.nrf_gpio_pin_clear
                0x000000000002b550       0x1c _build/nrfx_spim.o
 .text.nrf_gpio_pin_set
                0x000000000002b56c       0x1c _build/nrfx_spim.o
 .text.SPIM1_SPIS1_TWIM1_TWIS1_SPI1_TWI1_IRQHandler
                0x000000000002b588       0x64 _build/nrfx_spim.o
                0x000000000002b588                SPIM1_SPIS1_TWIM1_TWIS1_SPI1_TWI1_IRQHandler
 .text.nrfx_spim_init
                0x000000000002b5ec      0x21c _build/nrfx_spim.o
                0x000000000002b5ec                nrfx_spim_init
 .text.nrfx_spim_xfer
                0x000000000002b808      0x170 _build/nrfx_spim.o
                0x000000000002b808                nrfx_spim_xfer
 .text.irq_handler.constprop.0
                0x000000000002b978       0x4c _build/nrfx_timer.o
 .text.nrfx_timer_init
                0x000000000002b9c4      0x170 _build/nrfx_timer.o
                0x000000000002b9c4                nrfx_timer_init
 .text.nrfx_timer_enable
                0x000000000002bb34       0x38 _build/nrfx_timer.o
                0x000000000002bb34                nrfx_timer_enable
 .text.nrfx_timer_disable
                0x000000000002bb6c       0x34 _build/nrfx_timer.o
                0x000000000002bb6c                nrfx_timer_disable
 .text.nrfx_timer_uninit
                0x000000000002bba0       0x50 _build/nrfx_timer.o
                0x000000000002bba0                nrfx_timer_uninit
 .text.nrfx_timer_is_enabled
                0x000000000002bbf0       0x34 _build/nrfx_timer.o
                0x000000000002bbf0                nrfx_timer_is_enabled
 .text.nrfx_timer_clear
                0x000000000002bc24       0x2c _build/nrfx_timer.o
                0x000000000002bc24                nrfx_timer_clear
 .text.nrfx_timer_capture
                0x000000000002bc50       0x4c _build/nrfx_timer.o
                0x000000000002bc50                nrfx_timer_capture
 .text.nrfx_timer_compare
                0x000000000002bc9c       0x36 _build/nrfx_timer.o
                0x000000000002bc9c                nrfx_timer_compare
 .text.nrfx_timer_extended_compare
                0x000000000002bcd2       0x2e _build/nrfx_timer.o
                0x000000000002bcd2                nrfx_timer_extended_compare
 .text.nrfx_timer_compare_int_enable
                0x000000000002bd00       0x58 _build/nrfx_timer.o
                0x000000000002bd00                nrfx_timer_compare_int_enable
 .text.nrfx_timer_compare_int_disable
                0x000000000002bd58       0x44 _build/nrfx_timer.o
                0x000000000002bd58                nrfx_timer_compare_int_disable
 .text.TIMER0_IRQHandler
                0x000000000002bd9c       0x10 _build/nrfx_timer.o
                0x000000000002bd9c                TIMER0_IRQHandler
 .text.TIMER1_IRQHandler
                0x000000000002bdac       0x10 _build/nrfx_timer.o
                0x000000000002bdac                TIMER1_IRQHandler
 .text.nrf_twim_event_clear
                0x000000000002bdbc       0x10 _build/nrfx_twim.o
 .text.SPIM0_SPIS0_TWIM0_TWIS0_SPI0_TWI0_IRQHandler
                0x000000000002bdcc      0x158 _build/nrfx_twim.o
                0x000000000002bdcc                SPIM0_SPIS0_TWIM0_TWIS0_SPI0_TWI0_IRQHandler
 .text.nrfx_twim_init
                0x000000000002bf24      0x16c _build/nrfx_twim.o
                0x000000000002bf24                nrfx_twim_init
 .text.nrfx_twim_enable
                0x000000000002c090       0x40 _build/nrfx_twim.o
                0x000000000002c090                nrfx_twim_enable
 .text.nrfx_twim_disable
                0x000000000002c0d0       0x54 _build/nrfx_twim.o
                0x000000000002c0d0                nrfx_twim_disable
 .text.nrfx_twim_uninit
                0x000000000002c124       0xb8 _build/nrfx_twim.o
                0x000000000002c124                nrfx_twim_uninit
 .text.nrfx_twim_xfer
                0x000000000002c1dc      0x304 _build/nrfx_twim.o
                0x000000000002c1dc                nrfx_twim_xfer
 .text.nrf_uart_event_clear
                0x000000000002c4e0       0x10 _build/nrfx_uart.o
 .text.tx_byte  0x000000000002c4f0       0x1e _build/nrfx_uart.o
 .text.rx_enable.isra.1
                0x000000000002c50e       0x20 _build/nrfx_uart.o
 .text.rx_byte  0x000000000002c52e       0x2c _build/nrfx_uart.o
 *fill*         0x000000000002c55a        0x2 
 .text.nrf_gpio_pin_port_decode.isra.3.part.4
                0x000000000002c55c       0x10 _build/nrfx_uart.o
 .text.rx_done_event.constprop.9
                0x000000000002c56c       0x20 _build/nrfx_uart.o
 .text.nrfx_uart_0_irq_handler
                0x000000000002c58c      0x140 _build/nrfx_uart.o
                0x000000000002c58c                nrfx_uart_0_irq_handler
 .text.nrfx_uart_init
                0x000000000002c6cc      0x208 _build/nrfx_uart.o
                0x000000000002c6cc                nrfx_uart_init
 .text.nrfx_uart_tx
                0x000000000002c8d4       0xe0 _build/nrfx_uart.o
                0x000000000002c8d4                nrfx_uart_tx
 .text.nrfx_uart_tx_in_progress
                0x000000000002c9b4       0x18 _build/nrfx_uart.o
                0x000000000002c9b4                nrfx_uart_tx_in_progress
 .text.nrfx_uart_rx
                0x000000000002c9cc      0x12c _build/nrfx_uart.o
                0x000000000002c9cc                nrfx_uart_rx
 .text.nrfx_uart_rx_ready
                0x000000000002caf8        0xe _build/nrfx_uart.o
                0x000000000002caf8                nrfx_uart_rx_ready
 *fill*         0x000000000002cb06        0x2 
 .text.nrfx_uart_rx_enable
                0x000000000002cb08       0x2c _build/nrfx_uart.o
                0x000000000002cb08                nrfx_uart_rx_enable
 .text.nrfx_uart_rx_abort
                0x000000000002cb34       0x12 _build/nrfx_uart.o
                0x000000000002cb34                nrfx_uart_rx_abort
 .text.nrf_uarte_event_clear
                0x000000000002cb46       0x10 _build/nrfx_uarte.o
 *fill*         0x000000000002cb56        0x2 
 .text.nrf_gpio_pin_port_decode.isra.1.part.2
                0x000000000002cb58       0x10 _build/nrfx_uarte.o
 .text.rx_done_event.constprop.8
                0x000000000002cb68       0x20 _build/nrfx_uarte.o
 .text.nrfx_uarte_0_irq_handler
                0x000000000002cb88       0xe8 _build/nrfx_uarte.o
                0x000000000002cb88                nrfx_uarte_0_irq_handler
 .text.nrfx_uarte_init
                0x000000000002cc70      0x218 _build/nrfx_uarte.o
                0x000000000002cc70                nrfx_uarte_init
 .text.nrfx_uarte_tx
                0x000000000002ce88       0xe8 _build/nrfx_uarte.o
                0x000000000002ce88                nrfx_uarte_tx
 .text.nrfx_uarte_tx_in_progress
                0x000000000002cf70       0x18 _build/nrfx_uarte.o
                0x000000000002cf70                nrfx_uarte_tx_in_progress
 .text.nrfx_uarte_rx
                0x000000000002cf88      0x130 _build/nrfx_uarte.o
                0x000000000002cf88                nrfx_uarte_rx
 .text.nrfx_uarte_rx_ready
                0x000000000002d0b8        0xe _build/nrfx_uarte.o
                0x000000000002d0b8                nrfx_uarte_rx_ready
 *fill*         0x000000000002d0c6        0x2 
 .text.nrfx_uarte_rx_abort
                0x000000000002d0c8       0x28 _build/nrfx_uarte.o
                0x000000000002d0c8                nrfx_uarte_rx_abort
 .text.sd_ble_gap_addr_get
                0x000000000002d0f0        0x4 _build/ble_advdata.o
 .text.sd_ble_gap_appearance_get
                0x000000000002d0f4        0x4 _build/ble_advdata.o
 .text.sd_ble_gap_device_name_get
                0x000000000002d0f8        0x4 _build/ble_advdata.o
 .text.sd_ble_uuid_encode
                0x000000000002d0fc        0x4 _build/ble_advdata.o
 .text.uuid_list_sized_encode
                0x000000000002d100       0xa4 _build/ble_advdata.o
 .text.uuid_list_encode
                0x000000000002d1a4       0x34 _build/ble_advdata.o
 .text.ble_advdata_encode
                0x000000000002d1d8      0x392 _build/ble_advdata.o
                0x000000000002d1d8                ble_advdata_encode
 .text.ble_advdata_search
                0x000000000002d56a       0x38 _build/ble_advdata.o
                0x000000000002d56a                ble_advdata_search
 .text.ble_advdata_parse
                0x000000000002d5a2       0x20 _build/ble_advdata.o
                0x000000000002d5a2                ble_advdata_parse
 .text.sd_ble_gap_adv_set_configure
                0x000000000002d5c2        0x4 _build/ble_advertising.o
 .text.sd_ble_gap_adv_start
                0x000000000002d5c6        0x4 _build/ble_advertising.o
 .text.flags_set
                0x000000000002d5ca       0x2c _build/ble_advertising.o
 .text.ble_advertising_conn_cfg_tag_set
                0x000000000002d5f6        0x6 _build/ble_advertising.o
                0x000000000002d5f6                ble_advertising_conn_cfg_tag_set
 .text.ble_advertising_init
                0x000000000002d5fc       0xfe _build/ble_advertising.o
                0x000000000002d5fc                ble_advertising_init
 .text.ble_advertising_start
                0x000000000002d6fa      0x21c _build/ble_advertising.o
                0x000000000002d6fa                ble_advertising_start
 .text.ble_advertising_on_ble_evt
                0x000000000002d916       0x6a _build/ble_advertising.o
                0x000000000002d916                ble_advertising_on_ble_evt
 .text.ble_advertising_on_sys_evt
                0x000000000002d980        0x2 _build/ble_advertising.o
                0x000000000002d980                ble_advertising_on_sys_evt
 .text.sd_ble_gap_conn_param_update
                0x000000000002d982        0x4 _build/ble_conn_params.o
 .text.sd_ble_gap_disconnect
                0x000000000002d986        0x4 _build/ble_conn_params.o
 .text.sd_ble_gap_ppcp_set
                0x000000000002d98a        0x4 _build/ble_conn_params.o
 .text.sd_ble_gap_ppcp_get
                0x000000000002d98e        0x4 _build/ble_conn_params.o
 *fill*         0x000000000002d992        0x2 
 .text.instance_get
                0x000000000002d994       0x14 _build/ble_conn_params.o
 .text.send_error_evt
                0x000000000002d9a8       0x10 _build/ble_conn_params.o
 .text.update_timeout_handler
                0x000000000002d9b8       0x6c _build/ble_conn_params.o
 .text.conn_params_negotiation
                0x000000000002da24       0x48 _build/ble_conn_params.o
 .text.is_conn_params_ok.constprop.3
                0x000000000002da6c       0x3a _build/ble_conn_params.o
 *fill*         0x000000000002daa6        0x2 
 .text.ble_evt_handler
                0x000000000002daa8       0xe0 _build/ble_conn_params.o
 .text.ble_conn_params_init
                0x000000000002db88       0x74 _build/ble_conn_params.o
                0x000000000002db88                ble_conn_params_init
 .text.ble_srv_is_notification_enabled
                0x000000000002dbfc        0x8 _build/ble_srv_common.o
                0x000000000002dbfc                ble_srv_is_notification_enabled
 .text.sd_ble_gap_data_length_update
                0x000000000002dc04        0x4 _build/nrf_ble_gatt.o
 .text.sd_ble_gattc_exchange_mtu_request
                0x000000000002dc08        0x4 _build/nrf_ble_gatt.o
 .text.sd_ble_gatts_exchange_mtu_reply
                0x000000000002dc0c        0x4 _build/nrf_ble_gatt.o
 .text.data_length_update
                0x000000000002dc10       0x7c _build/nrf_ble_gatt.o
 .text.nrf_ble_gatt_init
                0x000000000002dc8c       0x2a _build/nrf_ble_gatt.o
                0x000000000002dc8c                nrf_ble_gatt_init
 *fill*         0x000000000002dcb6        0x2 
 .text.nrf_ble_gatt_on_ble_evt
                0x000000000002dcb8      0x1b0 _build/nrf_ble_gatt.o
                0x000000000002dcb8                nrf_ble_gatt_on_ble_evt
 .text.sd_ble_gatts_rw_authorize_reply
                0x000000000002de68        0x4 _build/nrf_ble_qwr.o
 .text.sd_ble_user_mem_reply
                0x000000000002de6c        0x4 _build/nrf_ble_qwr.o
 .text.user_mem_reply.part.0
                0x000000000002de70       0x24 _build/nrf_ble_qwr.o
 .text.nrf_ble_qwr_init
                0x000000000002de94       0x24 _build/nrf_ble_qwr.o
                0x000000000002de94                nrf_ble_qwr_init
 .text.nrf_ble_qwr_conn_handle_assign
                0x000000000002deb8       0x16 _build/nrf_ble_qwr.o
                0x000000000002deb8                nrf_ble_qwr_conn_handle_assign
 .text.nrf_ble_qwr_on_ble_evt
                0x000000000002dece       0xa0 _build/nrf_ble_qwr.o
                0x000000000002dece                nrf_ble_qwr_on_ble_evt
 .text.sd_softdevice_enable
                0x000000000002df6e        0x4 _build/nrf_sdh.o
 *fill*         0x000000000002df72        0x2 
 .text.sdh_request_observer_notify
                0x000000000002df74       0x30 _build/nrf_sdh.o
 .text.sdh_state_observer_notify
                0x000000000002dfa4       0x28 _build/nrf_sdh.o
 .text.softdevices_evt_irq_enable
                0x000000000002dfcc       0x40 _build/nrf_sdh.o
 .text.nrf_sdh_enable_request
                0x000000000002e00c       0x78 _build/nrf_sdh.o
                0x000000000002e00c                nrf_sdh_enable_request
 .text.nrf_sdh_is_enabled
                0x000000000002e084        0xc _build/nrf_sdh.o
                0x000000000002e084                nrf_sdh_is_enabled
 .text.nrf_sdh_evts_poll
                0x000000000002e090       0x28 _build/nrf_sdh.o
                0x000000000002e090                nrf_sdh_evts_poll
 .text.SWI2_EGU2_IRQHandler
                0x000000000002e0b8        0x4 _build/nrf_sdh.o
                0x000000000002e0b8                SWI2_EGU2_IRQHandler
 .text.sd_ble_enable
                0x000000000002e0bc        0x4 _build/nrf_sdh_ble.o
 .text.sd_ble_cfg_set
                0x000000000002e0c0        0x4 _build/nrf_sdh_ble.o
 .text.sd_ble_evt_get
                0x000000000002e0c4        0x4 _build/nrf_sdh_ble.o
 .text.nrf_sdh_ble_evts_poll.part.0
                0x000000000002e0c8       0x58 _build/nrf_sdh_ble.o
 .text.nrf_sdh_ble_evts_poll
                0x000000000002e120       0x10 _build/nrf_sdh_ble.o
 .text.nrf_sdh_ble_default_cfg_set
                0x000000000002e130      0x1a4 _build/nrf_sdh_ble.o
                0x000000000002e130                nrf_sdh_ble_default_cfg_set
 .text.nrf_sdh_ble_enable
                0x000000000002e2d4       0x94 _build/nrf_sdh_ble.o
                0x000000000002e2d4                nrf_sdh_ble_enable
 .text.sd_ble_gap_addr_set
                0x000000000002e368        0x4 _build/simple_ble.o
 .text.sd_ble_gap_adv_set_configure
                0x000000000002e36c        0x4 _build/simple_ble.o
 .text.sd_ble_gap_adv_stop
                0x000000000002e370        0x4 _build/simple_ble.o
 .text.sd_ble_gap_disconnect
                0x000000000002e374        0x4 _build/simple_ble.o
 .text.sd_ble_gap_appearance_set
                0x000000000002e378        0x4 _build/simple_ble.o
 .text.sd_ble_gap_ppcp_set
                0x000000000002e37c        0x4 _build/simple_ble.o
 .text.sd_ble_gap_device_name_set
                0x000000000002e380        0x4 _build/simple_ble.o
 .text.sd_ble_gap_sec_params_reply
                0x000000000002e384        0x4 _build/simple_ble.o
 .text.sd_ble_gap_sec_info_reply
                0x000000000002e388        0x4 _build/simple_ble.o
 .text.sd_ble_gap_scan_start
                0x000000000002e38c        0x4 _build/simple_ble.o
 .text.sd_ble_gap_phy_update
                0x000000000002e390        0x4 _build/simple_ble.o
 .text.sd_ble_gatts_service_add
                0x000000000002e394        0x4 _build/simple_ble.o
 .text.sd_ble_gatts_characteristic_add
                0x000000000002e398        0x4 _build/simple_ble.o
 .text.sd_ble_gatts_sys_attr_set
                0x000000000002e39c        0x4 _build/simple_ble.o
 .text.sd_ble_uuid_vs_add
                0x000000000002e3a0        0x4 _build/simple_ble.o
 .text.sd_power_system_off
                0x000000000002e3a4        0x4 _build/simple_ble.o
 .text.on_adv_evt
                0x000000000002e3a8        0x2 _build/simple_ble.o
 *fill*         0x000000000002e3aa        0x2 
 .text.on_ble_evt
                0x000000000002e3ac      0x1d0 _build/simple_ble.o
 .text.conn_params_error_handler
                0x000000000002e57c       0x10 _build/simple_ble.o
 .text.on_conn_params_evt
                0x000000000002e58c       0x24 _build/simple_ble.o
 .text.qwr_error_handler
                0x000000000002e5b0       0x10 _build/simple_ble.o
 .text.assert_nrf_callback
                0x000000000002e5c0       0x20 _build/simple_ble.o
                0x000000000002e5c0                assert_nrf_callback
 .text.ble_address_set
                0x000000000002e5e0       0x78 _build/simple_ble.o
                0x000000000002e5e0                ble_address_set
 .text.ble_stack_init
                0x000000000002e658       0x4c _build/simple_ble.o
                0x000000000002e658                ble_stack_init
 .text.gap_params_init
                0x000000000002e6a4       0x90 _build/simple_ble.o
                0x000000000002e6a4                gap_params_init
 .text.advertising_init
                0x000000000002e734       0x70 _build/simple_ble.o
                0x000000000002e734                advertising_init
 .text.conn_params_init
                0x000000000002e7a4       0x5c _build/simple_ble.o
                0x000000000002e7a4                conn_params_init
 .text.services_init
                0x000000000002e800       0x30 _build/simple_ble.o
                0x000000000002e800                services_init
 .text.initialize_app_timer
                0x000000000002e830       0x18 _build/simple_ble.o
                0x000000000002e830                initialize_app_timer
 .text.advertising_start
                0x000000000002e848       0x24 _build/simple_ble.o
                0x000000000002e848                advertising_start
 .text.advertising_stop
                0x000000000002e86c       0x28 _build/simple_ble.o
                0x000000000002e86c                advertising_stop
 .text.simple_ble_init
                0x000000000002e894       0x90 _build/simple_ble.o
                0x000000000002e894                simple_ble_init
 .text.simple_ble_add_service
                0x000000000002e924       0x48 _build/simple_ble.o
                0x000000000002e924                simple_ble_add_service
 .text.simple_ble_add_characteristic
                0x000000000002e96c      0x10c _build/simple_ble.o
                0x000000000002e96c                simple_ble_add_characteristic
 .text.simple_ble_adv_only_name
                0x000000000002ea78       0x74 _build/simple_ble.o
                0x000000000002ea78                simple_ble_adv_only_name
 .text.errata_12
                0x000000000002eaec       0x40 _build/system_nrf52.o
 .text.errata_16
                0x000000000002eb2c       0x34 _build/system_nrf52.o
 .text.SystemInit
                0x000000000002eb60      0x25c _build/system_nrf52.o
                0x000000000002eb60                SystemInit
 .text          0x000000000002edbc       0x3c _build/gcc_startup_nrf52.os
                0x000000000002edbc                Reset_Handler
                0x000000000002ede4                NMI_Handler
                0x000000000002ede8                MemoryManagement_Handler
                0x000000000002edea                BusFault_Handler
                0x000000000002edec                UsageFault_Handler
                0x000000000002edee                SVC_Handler
                0x000000000002edf0                DebugMon_Handler
                0x000000000002edf2                PendSV_Handler
                0x000000000002edf4                SysTick_Handler
                0x000000000002edf6                TIMER2_IRQHandler
                0x000000000002edf6                RTC0_IRQHandler
                0x000000000002edf6                RADIO_IRQHandler
                0x000000000002edf6                PDM_IRQHandler
                0x000000000002edf6                TEMP_IRQHandler
                0x000000000002edf6                QDEC_IRQHandler
                0x000000000002edf6                TIMER3_IRQHandler
                0x000000000002edf6                FPU_IRQHandler
                0x000000000002edf6                TIMER4_IRQHandler
                0x000000000002edf6                I2S_IRQHandler
                0x000000000002edf6                SWI4_EGU4_IRQHandler
                0x000000000002edf6                ECB_IRQHandler
                0x000000000002edf6                Default_Handler
                0x000000000002edf6                CCM_AAR_IRQHandler
                0x000000000002edf6                WDT_IRQHandler
                0x000000000002edf6                SWI5_EGU5_IRQHandler
                0x000000000002edf6                RNG_IRQHandler
                0x000000000002edf6                RTC2_IRQHandler
                0x000000000002edf6                SWI3_EGU3_IRQHandler
                0x000000000002edf6                SWI1_EGU1_IRQHandler
                0x000000000002edf6                SPIM2_SPIS2_SPI2_IRQHandler
                0x000000000002edf6                NFCT_IRQHandler
                0x000000000002edf6                MWU_IRQHandler
                0x000000000002edf6                COMP_LPCOMP_IRQHandler
 .text.abs      0x000000000002edf8        0x8 /usr/bin/../lib/gcc/arm-none-eabi/7.3.1/../../../../arm-none-eabi/lib/thumb/v7e-m/fpv4-sp/hard/libc.a(lib_a-abs.o)
                0x000000000002edf8                abs
 .text.atof     0x000000000002ee00        0x8 /usr/bin/../lib/gcc/arm-none-eabi/7.3.1/../../../../arm-none-eabi/lib/thumb/v7e-m/fpv4-sp/hard/libc.a(lib_a-atof.o)
                0x000000000002ee00                atof
 .text.exit     0x000000000002ee08       0x20 /usr/bin/../lib/gcc/arm-none-eabi/7.3.1/../../../../arm-none-eabi/lib/thumb/v7e-m/fpv4-sp/hard/libc.a(lib_a-exit.o)
                0x000000000002ee08                exit
 .text.__libc_init_array
                0x000000000002ee28       0x48 /usr/bin/../lib/gcc/arm-none-eabi/7.3.1/../../../../arm-none-eabi/lib/thumb/v7e-m/fpv4-sp/hard/libc.a(lib_a-init.o)
                0x000000000002ee28                __libc_init_array
 .text.__locale_mb_cur_max
                0x000000000002ee70       0x1c /usr/bin/../lib/gcc/arm-none-eabi/7.3.1/../../../../arm-none-eabi/lib/thumb/v7e-m/fpv4-sp/hard/libc.a(lib_a-locale.o)
                0x000000000002ee70                __locale_mb_cur_max
 .text.__ascii_mbtowc
                0x000000000002ee8c       0x2c /usr/bin/../lib/gcc/arm-none-eabi/7.3.1/../../../../arm-none-eabi/lib/thumb/v7e-m/fpv4-sp/hard/libc.a(lib_a-mbtowc_r.o)
                0x000000000002ee8c                __ascii_mbtowc
 .text.memcmp   0x000000000002eeb8       0x64 /usr/bin/../lib/gcc/arm-none-eabi/7.3.1/../../../../arm-none-eabi/lib/thumb/v7e-m/fpv4-sp/hard/libc.a(lib_a-memcmp.o)
                0x000000000002eeb8                memcmp
 .text          0x000000000002ef1c      0x134 /usr/bin/../lib/gcc/arm-none-eabi/7.3.1/../../../../arm-none-eabi/lib/thumb/v7e-m/fpv4-sp/hard/libc.a(lib_a-memcpy.o)
                0x000000000002ef1c                memcpy
 .text.memset   0x000000000002f050       0x94 /usr/bin/../lib/gcc/arm-none-eabi/7.3.1/../../../../arm-none-eabi/lib/thumb/v7e-m/fpv4-sp/hard/libc.a(lib_a-memset.o)
                0x000000000002f050                memset
 .text.printf   0x000000000002f0e4       0x28 /usr/bin/../lib/gcc/arm-none-eabi/7.3.1/../../../../arm-none-eabi/lib/thumb/v7e-m/fpv4-sp/hard/libc.a(lib_a-printf.o)
                0x000000000002f0e4                printf
 .text.setbuf   0x000000000002f10c       0x10 /usr/bin/../lib/gcc/arm-none-eabi/7.3.1/../../../../arm-none-eabi/lib/thumb/v7e-m/fpv4-sp/hard/libc.a(lib_a-setbuf.o)
                0x000000000002f10c                setbuf
 .text.setvbuf  0x000000000002f11c      0x180 /usr/bin/../lib/gcc/arm-none-eabi/7.3.1/../../../../arm-none-eabi/lib/thumb/v7e-m/fpv4-sp/hard/libc.a(lib_a-setvbuf.o)
                0x000000000002f11c                setvbuf
 .text.snprintf
                0x000000000002f29c       0x90 /usr/bin/../lib/gcc/arm-none-eabi/7.3.1/../../../../arm-none-eabi/lib/thumb/v7e-m/fpv4-sp/hard/libc.a(lib_a-snprintf.o)
                0x000000000002f29c                snprintf
 .text.strcpy   0x000000000002f32c       0xbc /usr/bin/../lib/gcc/arm-none-eabi/7.3.1/../../../../arm-none-eabi/lib/thumb/v7e-m/fpv4-sp/hard/libc.a(lib_a-strcpy.o)
                0x000000000002f32c                strcpy
 *fill*         0x000000000002f3e8       0x18 
 .text          0x000000000002f400       0xdc /usr/bin/../lib/gcc/arm-none-eabi/7.3.1/../../../../arm-none-eabi/lib/thumb/v7e-m/fpv4-sp/hard/libc.a(lib_a-strlen.o)
                0x000000000002f400                strlen
 .text.unlikely.sulp
                0x000000000002f4dc       0x38 /usr/bin/../lib/gcc/arm-none-eabi/7.3.1/../../../../arm-none-eabi/lib/thumb/v7e-m/fpv4-sp/hard/libc.a(lib_a-strtod.o)
 *fill*         0x000000000002f514        0x4 
 .text._strtod_l
                0x000000000002f518      0xf1c /usr/bin/../lib/gcc/arm-none-eabi/7.3.1/../../../../arm-none-eabi/lib/thumb/v7e-m/fpv4-sp/hard/libc.a(lib_a-strtod.o)
                0x000000000002f518                _strtod_l
 .text.strtod   0x0000000000030434       0x24 /usr/bin/../lib/gcc/arm-none-eabi/7.3.1/../../../../arm-none-eabi/lib/thumb/v7e-m/fpv4-sp/hard/libc.a(lib_a-strtod.o)
                0x0000000000030434                strtod
 .text._svfprintf_r
                0x0000000000030458     0x19cc /usr/bin/../lib/gcc/arm-none-eabi/7.3.1/../../../../arm-none-eabi/lib/thumb/v7e-m/fpv4-sp/hard/libc.a(lib_a-svfprintf.o)
                0x0000000000030458                _svfprintf_r
 *fill*         0x0000000000031e24        0x4 
 .text._vfprintf_r
                0x0000000000031e28     0x1a7c /usr/bin/../lib/gcc/arm-none-eabi/7.3.1/../../../../arm-none-eabi/lib/thumb/v7e-m/fpv4-sp/hard/libc.a(lib_a-vfprintf.o)
                0x0000000000031e28                _vfprintf_r
 .text.__sbprintf
                0x00000000000338a4       0x84 /usr/bin/../lib/gcc/arm-none-eabi/7.3.1/../../../../arm-none-eabi/lib/thumb/v7e-m/fpv4-sp/hard/libc.a(lib_a-vfprintf.o)
 .text.__ascii_wctomb
                0x0000000000033928       0x1c /usr/bin/../lib/gcc/arm-none-eabi/7.3.1/../../../../arm-none-eabi/lib/thumb/v7e-m/fpv4-sp/hard/libc.a(lib_a-wctomb_r.o)
                0x0000000000033928                __ascii_wctomb
 .text.__swsetup_r
                0x0000000000033944       0xcc /usr/bin/../lib/gcc/arm-none-eabi/7.3.1/../../../../arm-none-eabi/lib/thumb/v7e-m/fpv4-sp/hard/libc.a(lib_a-wsetup.o)
                0x0000000000033944                __swsetup_r
 .text.startup.register_fini
                0x0000000000033a10       0x14 /usr/bin/../lib/gcc/arm-none-eabi/7.3.1/../../../../arm-none-eabi/lib/thumb/v7e-m/fpv4-sp/hard/libc.a(lib_a-__call_atexit.o)
 .text.__call_exitprocs
                0x0000000000033a24       0xe8 /usr/bin/../lib/gcc/arm-none-eabi/7.3.1/../../../../arm-none-eabi/lib/thumb/v7e-m/fpv4-sp/hard/libc.a(lib_a-__call_atexit.o)
                0x0000000000033a24                __call_exitprocs
 .text.atexit   0x0000000000033b0c        0xc /usr/bin/../lib/gcc/arm-none-eabi/7.3.1/../../../../arm-none-eabi/lib/thumb/v7e-m/fpv4-sp/hard/libc.a(lib_a-atexit.o)
                0x0000000000033b0c                atexit
 .text.quorem   0x0000000000033b18      0x124 /usr/bin/../lib/gcc/arm-none-eabi/7.3.1/../../../../arm-none-eabi/lib/thumb/v7e-m/fpv4-sp/hard/libc.a(lib_a-dtoa.o)
 *fill*         0x0000000000033c3c        0x4 
 .text._dtoa_r  0x0000000000033c40      0xe20 /usr/bin/../lib/gcc/arm-none-eabi/7.3.1/../../../../arm-none-eabi/lib/thumb/v7e-m/fpv4-sp/hard/libc.a(lib_a-dtoa.o)
                0x0000000000033c40                _dtoa_r
 .text.__sflush_r
                0x0000000000034a60      0x154 /usr/bin/../lib/gcc/arm-none-eabi/7.3.1/../../../../arm-none-eabi/lib/thumb/v7e-m/fpv4-sp/hard/libc.a(lib_a-fflush.o)
                0x0000000000034a60                __sflush_r
 .text._fflush_r
                0x0000000000034bb4       0x5c /usr/bin/../lib/gcc/arm-none-eabi/7.3.1/../../../../arm-none-eabi/lib/thumb/v7e-m/fpv4-sp/hard/libc.a(lib_a-fflush.o)
                0x0000000000034bb4                _fflush_r
 .text.std      0x0000000000034c10       0x50 /usr/bin/../lib/gcc/arm-none-eabi/7.3.1/../../../../arm-none-eabi/lib/thumb/v7e-m/fpv4-sp/hard/libc.a(lib_a-findfp.o)
 .text._cleanup_r
                0x0000000000034c60        0xc /usr/bin/../lib/gcc/arm-none-eabi/7.3.1/../../../../arm-none-eabi/lib/thumb/v7e-m/fpv4-sp/hard/libc.a(lib_a-findfp.o)
                0x0000000000034c60                _cleanup_r
 .text.__sinit  0x0000000000034c6c       0x58 /usr/bin/../lib/gcc/arm-none-eabi/7.3.1/../../../../arm-none-eabi/lib/thumb/v7e-m/fpv4-sp/hard/libc.a(lib_a-findfp.o)
                0x0000000000034c6c                __sinit
 .text.__sfp_lock_acquire
                0x0000000000034cc4        0xc /usr/bin/../lib/gcc/arm-none-eabi/7.3.1/../../../../arm-none-eabi/lib/thumb/v7e-m/fpv4-sp/hard/libc.a(lib_a-findfp.o)
                0x0000000000034cc4                __sfp_lock_acquire
 .text.__sfp_lock_release
                0x0000000000034cd0        0xc /usr/bin/../lib/gcc/arm-none-eabi/7.3.1/../../../../arm-none-eabi/lib/thumb/v7e-m/fpv4-sp/hard/libc.a(lib_a-findfp.o)
                0x0000000000034cd0                __sfp_lock_release
 .text.__libc_fini_array
                0x0000000000034cdc       0x34 /usr/bin/../lib/gcc/arm-none-eabi/7.3.1/../../../../arm-none-eabi/lib/thumb/v7e-m/fpv4-sp/hard/libc.a(lib_a-fini.o)
                0x0000000000034cdc                __libc_fini_array
 .text._malloc_trim_r
                0x0000000000034d10       0xa0 /usr/bin/../lib/gcc/arm-none-eabi/7.3.1/../../../../arm-none-eabi/lib/thumb/v7e-m/fpv4-sp/hard/libc.a(lib_a-freer.o)
                0x0000000000034d10                _malloc_trim_r
 .text._free_r  0x0000000000034db0      0x1e8 /usr/bin/../lib/gcc/arm-none-eabi/7.3.1/../../../../arm-none-eabi/lib/thumb/v7e-m/fpv4-sp/hard/libc.a(lib_a-freer.o)
                0x0000000000034db0                _free_r
 .text._fwalk_reent
                0x0000000000034f98       0x54 /usr/bin/../lib/gcc/arm-none-eabi/7.3.1/../../../../arm-none-eabi/lib/thumb/v7e-m/fpv4-sp/hard/libc.a(lib_a-fwalk.o)
                0x0000000000034f98                _fwalk_reent
 .text.rshift   0x0000000000034fec       0xb0 /usr/bin/../lib/gcc/arm-none-eabi/7.3.1/../../../../arm-none-eabi/lib/thumb/v7e-m/fpv4-sp/hard/libc.a(lib_a-gdtoa-gethex.o)
 .text.__gethex
                0x000000000003509c      0x520 /usr/bin/../lib/gcc/arm-none-eabi/7.3.1/../../../../arm-none-eabi/lib/thumb/v7e-m/fpv4-sp/hard/libc.a(lib_a-gdtoa-gethex.o)
                0x000000000003509c                __gethex
 .text.__match  0x00000000000355bc       0x30 /usr/bin/../lib/gcc/arm-none-eabi/7.3.1/../../../../arm-none-eabi/lib/thumb/v7e-m/fpv4-sp/hard/libc.a(lib_a-gdtoa-hexnan.o)
                0x00000000000355bc                __match
 .text.__hexnan
                0x00000000000355ec      0x1a0 /usr/bin/../lib/gcc/arm-none-eabi/7.3.1/../../../../arm-none-eabi/lib/thumb/v7e-m/fpv4-sp/hard/libc.a(lib_a-gdtoa-hexnan.o)
                0x00000000000355ec                __hexnan
 .text.__localeconv_l
                0x000000000003578c        0x4 /usr/bin/../lib/gcc/arm-none-eabi/7.3.1/../../../../arm-none-eabi/lib/thumb/v7e-m/fpv4-sp/hard/libc.a(lib_a-localeconv.o)
                0x000000000003578c                __localeconv_l
 .text._localeconv_r
                0x0000000000035790       0x1c /usr/bin/../lib/gcc/arm-none-eabi/7.3.1/../../../../arm-none-eabi/lib/thumb/v7e-m/fpv4-sp/hard/libc.a(lib_a-localeconv.o)
                0x0000000000035790                _localeconv_r
 .text.__retarget_lock_init_recursive
                0x00000000000357ac        0x4 /usr/bin/../lib/gcc/arm-none-eabi/7.3.1/../../../../arm-none-eabi/lib/thumb/v7e-m/fpv4-sp/hard/libc.a(lib_a-lock.o)
                0x00000000000357ac                __retarget_lock_init_recursive
 .text.__retarget_lock_close_recursive
                0x00000000000357b0        0x4 /usr/bin/../lib/gcc/arm-none-eabi/7.3.1/../../../../arm-none-eabi/lib/thumb/v7e-m/fpv4-sp/hard/libc.a(lib_a-lock.o)
                0x00000000000357b0                __retarget_lock_close_recursive
 .text.__retarget_lock_acquire_recursive
                0x00000000000357b4        0x4 /usr/bin/../lib/gcc/arm-none-eabi/7.3.1/../../../../arm-none-eabi/lib/thumb/v7e-m/fpv4-sp/hard/libc.a(lib_a-lock.o)
                0x00000000000357b4                __retarget_lock_acquire_recursive
 .text.__retarget_lock_release_recursive
                0x00000000000357b8        0x4 /usr/bin/../lib/gcc/arm-none-eabi/7.3.1/../../../../arm-none-eabi/lib/thumb/v7e-m/fpv4-sp/hard/libc.a(lib_a-lock.o)
                0x00000000000357b8                __retarget_lock_release_recursive
 .text.__swhatbuf_r
                0x00000000000357bc       0x5c /usr/bin/../lib/gcc/arm-none-eabi/7.3.1/../../../../arm-none-eabi/lib/thumb/v7e-m/fpv4-sp/hard/libc.a(lib_a-makebuf.o)
                0x00000000000357bc                __swhatbuf_r
 .text.__smakebuf_r
                0x0000000000035818       0x94 /usr/bin/../lib/gcc/arm-none-eabi/7.3.1/../../../../arm-none-eabi/lib/thumb/v7e-m/fpv4-sp/hard/libc.a(lib_a-makebuf.o)
                0x0000000000035818                __smakebuf_r
 .text.malloc   0x00000000000358ac       0x10 /usr/bin/../lib/gcc/arm-none-eabi/7.3.1/../../../../arm-none-eabi/lib/thumb/v7e-m/fpv4-sp/hard/libc.a(lib_a-malloc.o)
                0x00000000000358ac                malloc
 .text.free     0x00000000000358bc       0x10 /usr/bin/../lib/gcc/arm-none-eabi/7.3.1/../../../../arm-none-eabi/lib/thumb/v7e-m/fpv4-sp/hard/libc.a(lib_a-malloc.o)
                0x00000000000358bc                free
 .text._malloc_r
                0x00000000000358cc      0x548 /usr/bin/../lib/gcc/arm-none-eabi/7.3.1/../../../../arm-none-eabi/lib/thumb/v7e-m/fpv4-sp/hard/libc.a(lib_a-mallocr.o)
                0x00000000000358cc                _malloc_r
 *fill*         0x0000000000035e14        0xc 
 .text          0x0000000000035e20       0xa0 /usr/bin/../lib/gcc/arm-none-eabi/7.3.1/../../../../arm-none-eabi/lib/thumb/v7e-m/fpv4-sp/hard/libc.a(lib_a-memchr.o)
                0x0000000000035e20                memchr
 .text.__malloc_lock
                0x0000000000035ec0        0xc /usr/bin/../lib/gcc/arm-none-eabi/7.3.1/../../../../arm-none-eabi/lib/thumb/v7e-m/fpv4-sp/hard/libc.a(lib_a-mlock.o)
                0x0000000000035ec0                __malloc_lock
 .text.__malloc_unlock
                0x0000000000035ecc        0xc /usr/bin/../lib/gcc/arm-none-eabi/7.3.1/../../../../arm-none-eabi/lib/thumb/v7e-m/fpv4-sp/hard/libc.a(lib_a-mlock.o)
                0x0000000000035ecc                __malloc_unlock
 .text._Balloc  0x0000000000035ed8       0x4c /usr/bin/../lib/gcc/arm-none-eabi/7.3.1/../../../../arm-none-eabi/lib/thumb/v7e-m/fpv4-sp/hard/libc.a(lib_a-mprec.o)
                0x0000000000035ed8                _Balloc
 .text._Bfree   0x0000000000035f24       0x14 /usr/bin/../lib/gcc/arm-none-eabi/7.3.1/../../../../arm-none-eabi/lib/thumb/v7e-m/fpv4-sp/hard/libc.a(lib_a-mprec.o)
                0x0000000000035f24                _Bfree
 .text.__multadd
                0x0000000000035f38       0x80 /usr/bin/../lib/gcc/arm-none-eabi/7.3.1/../../../../arm-none-eabi/lib/thumb/v7e-m/fpv4-sp/hard/libc.a(lib_a-mprec.o)
                0x0000000000035f38                __multadd
 .text.__s2b    0x0000000000035fb8       0x98 /usr/bin/../lib/gcc/arm-none-eabi/7.3.1/../../../../arm-none-eabi/lib/thumb/v7e-m/fpv4-sp/hard/libc.a(lib_a-mprec.o)
                0x0000000000035fb8                __s2b
 .text.__hi0bits
                0x0000000000036050       0x40 /usr/bin/../lib/gcc/arm-none-eabi/7.3.1/../../../../arm-none-eabi/lib/thumb/v7e-m/fpv4-sp/hard/libc.a(lib_a-mprec.o)
                0x0000000000036050                __hi0bits
 .text.__lo0bits
                0x0000000000036090       0x60 /usr/bin/../lib/gcc/arm-none-eabi/7.3.1/../../../../arm-none-eabi/lib/thumb/v7e-m/fpv4-sp/hard/libc.a(lib_a-mprec.o)
                0x0000000000036090                __lo0bits
 .text.__i2b    0x00000000000360f0       0x14 /usr/bin/../lib/gcc/arm-none-eabi/7.3.1/../../../../arm-none-eabi/lib/thumb/v7e-m/fpv4-sp/hard/libc.a(lib_a-mprec.o)
                0x00000000000360f0                __i2b
 .text.__multiply
                0x0000000000036104      0x14c /usr/bin/../lib/gcc/arm-none-eabi/7.3.1/../../../../arm-none-eabi/lib/thumb/v7e-m/fpv4-sp/hard/libc.a(lib_a-mprec.o)
                0x0000000000036104                __multiply
 .text.__pow5mult
                0x0000000000036250       0xa0 /usr/bin/../lib/gcc/arm-none-eabi/7.3.1/../../../../arm-none-eabi/lib/thumb/v7e-m/fpv4-sp/hard/libc.a(lib_a-mprec.o)
                0x0000000000036250                __pow5mult
 .text.__lshift
                0x00000000000362f0       0xac /usr/bin/../lib/gcc/arm-none-eabi/7.3.1/../../../../arm-none-eabi/lib/thumb/v7e-m/fpv4-sp/hard/libc.a(lib_a-mprec.o)
                0x00000000000362f0                __lshift
 .text.__mcmp   0x000000000003639c       0x38 /usr/bin/../lib/gcc/arm-none-eabi/7.3.1/../../../../arm-none-eabi/lib/thumb/v7e-m/fpv4-sp/hard/libc.a(lib_a-mprec.o)
                0x000000000003639c                __mcmp
 .text.__mdiff  0x00000000000363d4       0xec /usr/bin/../lib/gcc/arm-none-eabi/7.3.1/../../../../arm-none-eabi/lib/thumb/v7e-m/fpv4-sp/hard/libc.a(lib_a-mprec.o)
                0x00000000000363d4                __mdiff
 .text.__ulp    0x00000000000364c0       0x54 /usr/bin/../lib/gcc/arm-none-eabi/7.3.1/../../../../arm-none-eabi/lib/thumb/v7e-m/fpv4-sp/hard/libc.a(lib_a-mprec.o)
                0x00000000000364c0                __ulp
 .text.__b2d    0x0000000000036514       0xbc /usr/bin/../lib/gcc/arm-none-eabi/7.3.1/../../../../arm-none-eabi/lib/thumb/v7e-m/fpv4-sp/hard/libc.a(lib_a-mprec.o)
                0x0000000000036514                __b2d
 .text.__d2b    0x00000000000365d0       0xc4 /usr/bin/../lib/gcc/arm-none-eabi/7.3.1/../../../../arm-none-eabi/lib/thumb/v7e-m/fpv4-sp/hard/libc.a(lib_a-mprec.o)
                0x00000000000365d0                __d2b
 .text.__ratio  0x0000000000036694       0x60 /usr/bin/../lib/gcc/arm-none-eabi/7.3.1/../../../../arm-none-eabi/lib/thumb/v7e-m/fpv4-sp/hard/libc.a(lib_a-mprec.o)
                0x0000000000036694                __ratio
 .text.__copybits
                0x00000000000366f4       0x48 /usr/bin/../lib/gcc/arm-none-eabi/7.3.1/../../../../arm-none-eabi/lib/thumb/v7e-m/fpv4-sp/hard/libc.a(lib_a-mprec.o)
                0x00000000000366f4                __copybits
 .text.__any_on
                0x000000000003673c       0x58 /usr/bin/../lib/gcc/arm-none-eabi/7.3.1/../../../../arm-none-eabi/lib/thumb/v7e-m/fpv4-sp/hard/libc.a(lib_a-mprec.o)
                0x000000000003673c                __any_on
 .text.frexp    0x0000000000036794       0x68 /usr/bin/../lib/gcc/arm-none-eabi/7.3.1/../../../../arm-none-eabi/lib/thumb/v7e-m/fpv4-sp/hard/libc.a(lib_a-s_frexp.o)
                0x0000000000036794                frexp
 .text._sbrk_r  0x00000000000367fc       0x24 /usr/bin/../lib/gcc/arm-none-eabi/7.3.1/../../../../arm-none-eabi/lib/thumb/v7e-m/fpv4-sp/hard/libc.a(lib_a-sbrkr.o)
                0x00000000000367fc                _sbrk_r
 .text.__sread  0x0000000000036820       0x24 /usr/bin/../lib/gcc/arm-none-eabi/7.3.1/../../../../arm-none-eabi/lib/thumb/v7e-m/fpv4-sp/hard/libc.a(lib_a-stdio.o)
                0x0000000000036820                __sread
 .text.__swrite
                0x0000000000036844       0x3c /usr/bin/../lib/gcc/arm-none-eabi/7.3.1/../../../../arm-none-eabi/lib/thumb/v7e-m/fpv4-sp/hard/libc.a(lib_a-stdio.o)
                0x0000000000036844                __swrite
 .text.__sseek  0x0000000000036880       0x20 /usr/bin/../lib/gcc/arm-none-eabi/7.3.1/../../../../arm-none-eabi/lib/thumb/v7e-m/fpv4-sp/hard/libc.a(lib_a-stdio.o)
                0x0000000000036880                __sseek
 .text.__sclose
                0x00000000000368a0        0x8 /usr/bin/../lib/gcc/arm-none-eabi/7.3.1/../../../../arm-none-eabi/lib/thumb/v7e-m/fpv4-sp/hard/libc.a(lib_a-stdio.o)
                0x00000000000368a0                __sclose
 .text.strncmp  0x00000000000368a8       0x98 /usr/bin/../lib/gcc/arm-none-eabi/7.3.1/../../../../arm-none-eabi/lib/thumb/v7e-m/fpv4-sp/hard/libc.a(lib_a-strncmp.o)
                0x00000000000368a8                strncmp
 .text.strncpy  0x0000000000036940       0x64 /usr/bin/../lib/gcc/arm-none-eabi/7.3.1/../../../../arm-none-eabi/lib/thumb/v7e-m/fpv4-sp/hard/libc.a(lib_a-strncpy.o)
                0x0000000000036940                strncpy
 .text.__ssprint_r
                0x00000000000369a4       0xf4 /usr/bin/../lib/gcc/arm-none-eabi/7.3.1/../../../../arm-none-eabi/lib/thumb/v7e-m/fpv4-sp/hard/libc.a(lib_a-svfiprintf.o)
                0x00000000000369a4                __ssprint_r
 .text.__sprint_r.part.0
                0x0000000000036a98       0x78 /usr/bin/../lib/gcc/arm-none-eabi/7.3.1/../../../../arm-none-eabi/lib/thumb/v7e-m/fpv4-sp/hard/libc.a(lib_a-vfiprintf.o)
 .text.__sprint_r
                0x0000000000036b10       0x14 /usr/bin/../lib/gcc/arm-none-eabi/7.3.1/../../../../arm-none-eabi/lib/thumb/v7e-m/fpv4-sp/hard/libc.a(lib_a-vfiprintf.o)
                0x0000000000036b10                __sprint_r
 .text.__register_exitproc
                0x0000000000036b24       0xc0 /usr/bin/../lib/gcc/arm-none-eabi/7.3.1/../../../../arm-none-eabi/lib/thumb/v7e-m/fpv4-sp/hard/libc.a(lib_a-__atexit.o)
                0x0000000000036b24                __register_exitproc
 .text._calloc_r
                0x0000000000036be4       0x68 /usr/bin/../lib/gcc/arm-none-eabi/7.3.1/../../../../arm-none-eabi/lib/thumb/v7e-m/fpv4-sp/hard/libc.a(lib_a-callocr.o)
                0x0000000000036be4                _calloc_r
 .text._close_r
                0x0000000000036c4c       0x24 /usr/bin/../lib/gcc/arm-none-eabi/7.3.1/../../../../arm-none-eabi/lib/thumb/v7e-m/fpv4-sp/hard/libc.a(lib_a-closer.o)
                0x0000000000036c4c                _close_r
 .text._fclose_r
                0x0000000000036c70       0xd0 /usr/bin/../lib/gcc/arm-none-eabi/7.3.1/../../../../arm-none-eabi/lib/thumb/v7e-m/fpv4-sp/hard/libc.a(lib_a-fclose.o)
                0x0000000000036c70                _fclose_r
 .text.__fputwc
                0x0000000000036d40       0xa0 /usr/bin/../lib/gcc/arm-none-eabi/7.3.1/../../../../arm-none-eabi/lib/thumb/v7e-m/fpv4-sp/hard/libc.a(lib_a-fputwc.o)
                0x0000000000036d40                __fputwc
 .text._fputwc_r
                0x0000000000036de0       0x64 /usr/bin/../lib/gcc/arm-none-eabi/7.3.1/../../../../arm-none-eabi/lib/thumb/v7e-m/fpv4-sp/hard/libc.a(lib_a-fputwc.o)
                0x0000000000036de0                _fputwc_r
 .text._fstat_r
                0x0000000000036e44       0x28 /usr/bin/../lib/gcc/arm-none-eabi/7.3.1/../../../../arm-none-eabi/lib/thumb/v7e-m/fpv4-sp/hard/libc.a(lib_a-fstatr.o)
                0x0000000000036e44                _fstat_r
 .text.__sfvwrite_r
                0x0000000000036e6c      0x2fc /usr/bin/../lib/gcc/arm-none-eabi/7.3.1/../../../../arm-none-eabi/lib/thumb/v7e-m/fpv4-sp/hard/libc.a(lib_a-fvwrite.o)
                0x0000000000036e6c                __sfvwrite_r
 .text._isatty_r
                0x0000000000037168       0x24 /usr/bin/../lib/gcc/arm-none-eabi/7.3.1/../../../../arm-none-eabi/lib/thumb/v7e-m/fpv4-sp/hard/libc.a(lib_a-isattyr.o)
                0x0000000000037168                _isatty_r
 .text._lseek_r
                0x000000000003718c       0x2c /usr/bin/../lib/gcc/arm-none-eabi/7.3.1/../../../../arm-none-eabi/lib/thumb/v7e-m/fpv4-sp/hard/libc.a(lib_a-lseekr.o)
                0x000000000003718c                _lseek_r
 .text.memmove  0x00000000000371b8       0xc8 /usr/bin/../lib/gcc/arm-none-eabi/7.3.1/../../../../arm-none-eabi/lib/thumb/v7e-m/fpv4-sp/hard/libc.a(lib_a-memmove.o)
                0x00000000000371b8                memmove
 .text._read_r  0x0000000000037280       0x2c /usr/bin/../lib/gcc/arm-none-eabi/7.3.1/../../../../arm-none-eabi/lib/thumb/v7e-m/fpv4-sp/hard/libc.a(lib_a-readr.o)
                0x0000000000037280                _read_r
 .text._realloc_r
                0x00000000000372ac      0x35c /usr/bin/../lib/gcc/arm-none-eabi/7.3.1/../../../../arm-none-eabi/lib/thumb/v7e-m/fpv4-sp/hard/libc.a(lib_a-reallocr.o)
                0x00000000000372ac                _realloc_r
 .text.__swbuf_r
                0x0000000000037608       0xb0 /usr/bin/../lib/gcc/arm-none-eabi/7.3.1/../../../../arm-none-eabi/lib/thumb/v7e-m/fpv4-sp/hard/libc.a(lib_a-wbuf.o)
                0x0000000000037608                __swbuf_r
 .text._wcrtomb_r
                0x00000000000376b8       0x50 /usr/bin/../lib/gcc/arm-none-eabi/7.3.1/../../../../arm-none-eabi/lib/thumb/v7e-m/fpv4-sp/hard/libc.a(lib_a-wcrtomb.o)
                0x00000000000376b8                _wcrtomb_r
 .text._close   0x0000000000037708       0x10 /usr/bin/../lib/gcc/arm-none-eabi/7.3.1/../../../../arm-none-eabi/lib/thumb/v7e-m/fpv4-sp/hard/libnosys.a(close.o)
                0x0000000000037708                _close
 .text._fstat   0x0000000000037718       0x10 /usr/bin/../lib/gcc/arm-none-eabi/7.3.1/../../../../arm-none-eabi/lib/thumb/v7e-m/fpv4-sp/hard/libnosys.a(fstat.o)
                0x0000000000037718                _fstat
 .text._isatty  0x0000000000037728       0x10 /usr/bin/../lib/gcc/arm-none-eabi/7.3.1/../../../../arm-none-eabi/lib/thumb/v7e-m/fpv4-sp/hard/libnosys.a(isatty.o)
                0x0000000000037728                _isatty
 .text._lseek   0x0000000000037738       0x10 /usr/bin/../lib/gcc/arm-none-eabi/7.3.1/../../../../arm-none-eabi/lib/thumb/v7e-m/fpv4-sp/hard/libnosys.a(lseek.o)
                0x0000000000037738                _lseek
 .text._read    0x0000000000037748       0x10 /usr/bin/../lib/gcc/arm-none-eabi/7.3.1/../../../../arm-none-eabi/lib/thumb/v7e-m/fpv4-sp/hard/libnosys.a(read.o)
                0x0000000000037748                _read
 .text._sbrk    0x0000000000037758       0x1c /usr/bin/../lib/gcc/arm-none-eabi/7.3.1/../../../../arm-none-eabi/lib/thumb/v7e-m/fpv4-sp/hard/libnosys.a(sbrk.o)
                0x0000000000037758                _sbrk
 .text._exit    0x0000000000037774        0x4 /usr/bin/../lib/gcc/arm-none-eabi/7.3.1/../../../../arm-none-eabi/lib/thumb/v7e-m/fpv4-sp/hard/libnosys.a(_exit.o)
                0x0000000000037774                _exit
 .text.fabs     0x0000000000037778       0x14 /usr/bin/../lib/gcc/arm-none-eabi/7.3.1/../../../../arm-none-eabi/lib/thumb/v7e-m/fpv4-sp/hard/libm.a(lib_a-s_fabs.o)
                0x0000000000037778                fabs
 .text.round    0x000000000003778c       0xa4 /usr/bin/../lib/gcc/arm-none-eabi/7.3.1/../../../../arm-none-eabi/lib/thumb/v7e-m/fpv4-sp/hard/libm.a(lib_a-s_round.o)
                0x000000000003778c                round
 .text.pow      0x0000000000037830      0x338 /usr/bin/../lib/gcc/arm-none-eabi/7.3.1/../../../../arm-none-eabi/lib/thumb/v7e-m/fpv4-sp/hard/libm.a(lib_a-w_pow.o)
                0x0000000000037830                pow
 .text.__ieee754_pow
                0x0000000000037b68      0xab8 /usr/bin/../lib/gcc/arm-none-eabi/7.3.1/../../../../arm-none-eabi/lib/thumb/v7e-m/fpv4-sp/hard/libm.a(lib_a-e_pow.o)
                0x0000000000037b68                __ieee754_pow
 .text.__ieee754_sqrt
                0x0000000000038620      0x194 /usr/bin/../lib/gcc/arm-none-eabi/7.3.1/../../../../arm-none-eabi/lib/thumb/v7e-m/fpv4-sp/hard/libm.a(lib_a-e_sqrt.o)
                0x0000000000038620                __ieee754_sqrt
 .text.finite   0x00000000000387b4       0x10 /usr/bin/../lib/gcc/arm-none-eabi/7.3.1/../../../../arm-none-eabi/lib/thumb/v7e-m/fpv4-sp/hard/libm.a(lib_a-s_finite.o)
                0x00000000000387b4                finite
 .text.matherr  0x00000000000387c4        0x4 /usr/bin/../lib/gcc/arm-none-eabi/7.3.1/../../../../arm-none-eabi/lib/thumb/v7e-m/fpv4-sp/hard/libm.a(lib_a-s_matherr.o)
                0x00000000000387c4                matherr
 .text.nan      0x00000000000387c8       0x10 /usr/bin/../lib/gcc/arm-none-eabi/7.3.1/../../../../arm-none-eabi/lib/thumb/v7e-m/fpv4-sp/hard/libm.a(lib_a-s_nan.o)
                0x00000000000387c8                nan
 .text.rint     0x00000000000387d8      0x110 /usr/bin/../lib/gcc/arm-none-eabi/7.3.1/../../../../arm-none-eabi/lib/thumb/v7e-m/fpv4-sp/hard/libm.a(lib_a-s_rint.o)
                0x00000000000387d8                rint
 .text.scalbn   0x00000000000388e8      0x114 /usr/bin/../lib/gcc/arm-none-eabi/7.3.1/../../../../arm-none-eabi/lib/thumb/v7e-m/fpv4-sp/hard/libm.a(lib_a-s_scalbn.o)
                0x00000000000388e8                scalbn
 .text.copysign
                0x00000000000389fc       0x1c /usr/bin/../lib/gcc/arm-none-eabi/7.3.1/../../../../arm-none-eabi/lib/thumb/v7e-m/fpv4-sp/hard/libm.a(lib_a-s_copysign.o)
                0x00000000000389fc                copysign
 .text.__errno  0x0000000000038a18        0xc /usr/bin/../lib/gcc/arm-none-eabi/7.3.1/../../../../arm-none-eabi/lib/thumb/v7e-m/fpv4-sp/hard/libc.a(lib_a-errno.o)
                0x0000000000038a18                __errno
 .text          0x0000000000038a24      0x378 /usr/bin/../lib/gcc/arm-none-eabi/7.3.1/thumb/v7e-m/fpv4-sp/hard/libgcc.a(_arm_addsubdf3.o)
                0x0000000000038a24                __aeabi_drsub
                0x0000000000038a2c                __aeabi_dsub
                0x0000000000038a2c                __subdf3
                0x0000000000038a30                __adddf3
                0x0000000000038a30                __aeabi_dadd
                0x0000000000038ca8                __aeabi_ui2d
                0x0000000000038ca8                __floatunsidf
                0x0000000000038cc8                __floatsidf
                0x0000000000038cc8                __aeabi_i2d
                0x0000000000038cec                __extendsfdf2
                0x0000000000038cec                __aeabi_f2d
                0x0000000000038d30                __aeabi_ul2d
                0x0000000000038d30                __floatundidf
                0x0000000000038d40                __floatdidf
                0x0000000000038d40                __aeabi_l2d
 .text          0x0000000000038d9c      0x424 /usr/bin/../lib/gcc/arm-none-eabi/7.3.1/thumb/v7e-m/fpv4-sp/hard/libgcc.a(_arm_muldivdf3.o)
                0x0000000000038d9c                __aeabi_dmul
                0x0000000000038d9c                __muldf3
                0x0000000000038ff0                __aeabi_ddiv
                0x0000000000038ff0                __divdf3
 .text          0x00000000000391c0      0x110 /usr/bin/../lib/gcc/arm-none-eabi/7.3.1/thumb/v7e-m/fpv4-sp/hard/libgcc.a(_arm_cmpdf2.o)
                0x00000000000391c0                __gtdf2
                0x00000000000391c0                __gedf2
                0x00000000000391c8                __ltdf2
                0x00000000000391c8                __ledf2
                0x00000000000391d0                __cmpdf2
                0x00000000000391d0                __eqdf2
                0x00000000000391d0                __nedf2
                0x000000000003924c                __aeabi_cdrcmple
                0x000000000003925c                __aeabi_cdcmple
                0x000000000003925c                __aeabi_cdcmpeq
                0x000000000003926c                __aeabi_dcmpeq
                0x0000000000039280                __aeabi_dcmplt
                0x0000000000039294                __aeabi_dcmple
                0x00000000000392a8                __aeabi_dcmpge
                0x00000000000392bc                __aeabi_dcmpgt
 .text          0x00000000000392d0       0x2c /usr/bin/../lib/gcc/arm-none-eabi/7.3.1/thumb/v7e-m/fpv4-sp/hard/libgcc.a(_arm_unorddf2.o)
                0x00000000000392d0                __aeabi_dcmpun
                0x00000000000392d0                __unorddf2
 .text          0x00000000000392fc       0x50 /usr/bin/../lib/gcc/arm-none-eabi/7.3.1/thumb/v7e-m/fpv4-sp/hard/libgcc.a(_arm_fixdfsi.o)
                0x00000000000392fc                __fixdfsi
                0x00000000000392fc                __aeabi_d2iz
 .text          0x000000000003934c       0x40 /usr/bin/../lib/gcc/arm-none-eabi/7.3.1/thumb/v7e-m/fpv4-sp/hard/libgcc.a(_arm_fixunsdfsi.o)
                0x000000000003934c                __fixunsdfsi
                0x000000000003934c                __aeabi_d2uiz
 .text          0x000000000003938c       0xa0 /usr/bin/../lib/gcc/arm-none-eabi/7.3.1/thumb/v7e-m/fpv4-sp/hard/libgcc.a(_arm_truncdfsf2.o)
                0x000000000003938c                __aeabi_d2f
                0x000000000003938c                __truncdfsf2
 .text          0x000000000003942c       0x30 /usr/bin/../lib/gcc/arm-none-eabi/7.3.1/thumb/v7e-m/fpv4-sp/hard/libgcc.a(_aeabi_uldivmod.o)
                0x000000000003942c                __aeabi_uldivmod
 .text          0x000000000003945c      0x2cc /usr/bin/../lib/gcc/arm-none-eabi/7.3.1/thumb/v7e-m/fpv4-sp/hard/libgcc.a(_udivmoddi4.o)
                0x000000000003945c                __udivmoddi4
 .text          0x0000000000039728        0x4 /usr/bin/../lib/gcc/arm-none-eabi/7.3.1/thumb/v7e-m/fpv4-sp/hard/libgcc.a(_dvmd_tls.o)
                0x0000000000039728                __aeabi_ldiv0
                0x0000000000039728                __aeabi_idiv0
 *(.init)
 .init          0x000000000003972c        0x4 /usr/bin/../lib/gcc/arm-none-eabi/7.3.1/thumb/v7e-m/fpv4-sp/hard/crti.o
                0x000000000003972c                _init
 .init          0x0000000000039730        0x8 /usr/bin/../lib/gcc/arm-none-eabi/7.3.1/thumb/v7e-m/fpv4-sp/hard/crtn.o
 *(.fini)
 .fini          0x0000000000039738        0x4 /usr/bin/../lib/gcc/arm-none-eabi/7.3.1/thumb/v7e-m/fpv4-sp/hard/crti.o
                0x0000000000039738                _fini
 .fini          0x000000000003973c        0x8 /usr/bin/../lib/gcc/arm-none-eabi/7.3.1/thumb/v7e-m/fpv4-sp/hard/crtn.o
 *crtbegin.o(.ctors)
 *crtbegin?.o(.ctors)
 *(EXCLUDE_FILE(*crtend.o *crtend?.o) .ctors)
 *(SORT_BY_NAME(.ctors.*))
 *(.ctors)
 *crtbegin.o(.dtors)
 *crtbegin?.o(.dtors)
 *(EXCLUDE_FILE(*crtend.o *crtend?.o) .dtors)
 *(SORT_BY_NAME(.dtors.*))
 *(.dtors)
 *(.rodata*)
 .rodata        0x0000000000039744       0x44 _build/main.o
 .rodata.PWM1   0x0000000000039788        0x8 _build/main.o
                0x0000000000039788                PWM1
 .rodata.ble_evt_connected.str1.1
                0x0000000000039790       0x1d _build/main.o
                                         0x21 (size before relaxing)
 .rodata.ble_evt_disconnected.str1.1
                0x00000000000397ad       0x21 _build/main.o
 .rodata.ble_evt_write.str1.1
                0x00000000000397ce       0x1d _build/main.o
 *fill*         0x00000000000397eb        0x5 
 .rodata.delay_machine_code.9161
                0x00000000000397f0        0x6 _build/main.o
 .rodata.getPressure.str1.1
                0x00000000000397f6       0x43 _build/main.o
 *fill*         0x0000000000039839        0x3 
 .rodata.m_pwm_PWM1_timer
                0x000000000003983c        0x8 _build/main.o
                0x000000000003983c                m_pwm_PWM1_timer
 .rodata.main.str1.1
                0x0000000000039844      0x139 _build/main.o
 .rodata.print_state.str1.1
                0x000000000003997d       0x4f _build/main.o
 .rodata.str1.1
                0x00000000000399cc        0x5 _build/main.o
 *fill*         0x00000000000399d1        0x3 
 .rodata.twi_mngr_instance
                0x00000000000399d4       0x18 _build/main.o
 .rodata.nrf_gpio_pin_port_decode.isra.0.part.1.str1.1
                0x00000000000399ec       0x43 _build/ultrasonic.o
 *fill*         0x00000000000399ec        0x4 
 .rodata.delay_machine_code.8820
                0x00000000000399f0        0x6 _build/display.o
 .rodata.display_init.str1.1
                0x00000000000399f6       0x59 _build/display.o
 .rodata.kobukiReadFeedbackPacket.str1.1
                0x0000000000039a4f      0x111 _build/kobukiUART.o
 .rodata.kobukiInit.str1.1
                0x0000000000039b60       0x5c _build/kobukiUtilities.o
 .rodata.m_uart0_drv_config
                0x0000000000039bbc       0x20 _build/kobukiUtilities.o
 .rodata.serial_buffs
                0x0000000000039bdc        0xc _build/kobukiUtilities.o
 .rodata.serial_config
                0x0000000000039be8       0x14 _build/kobukiUtilities.o
 .rodata.serial_queues
                0x0000000000039bfc        0x8 _build/kobukiUtilities.o
 .rodata.serial_uart
                0x0000000000039c04       0x20 _build/kobukiUtilities.o
 .rodata.serial_uart_rx_timer
                0x0000000000039c24        0x4 _build/kobukiUtilities.o
 .rodata.serial_uart_tx_timer
                0x0000000000039c28        0x4 _build/kobukiUtilities.o
 .rodata.app_error_fault_handler.str1.1
                0x0000000000039c2c       0xb7 _build/better_error_handling.o
 *fill*         0x0000000000039ce3        0xd 
 .rodata.delay_machine_code.8629
                0x0000000000039cf0        0x6 _build/better_error_handling.o
 *fill*         0x0000000000039cf6        0x2 
 .rodata        0x0000000000039cf8        0x8 _build/lsm9ds1.o
 .rodata.gyro_timer
                0x0000000000039d00        0x8 _build/lsm9ds1.o
 .rodata.i2c_reg_write.str1.1
                0x0000000000039d08       0x55 _build/lsm9ds1.o
 .rodata._DoInit.str1.1
                0x0000000000039d5d       0x14 _build/SEGGER_RTT.o
 .rodata.app_pwm_channel_duty_ticks_set.str1.1
                0x0000000000039d71       0x9b _build/app_pwm.o
 .rodata.app_pwm_init.str1.1
                0x0000000000039e0c       0x44 _build/app_pwm.o
                                         0x87 (size before relaxing)
 .rodata.delay_machine_code.9273
                0x0000000000039e50        0x6 _build/app_timer.o
 .rodata.app_util_critical_region_enter.str1.1
                0x0000000000039e56       0x55 _build/app_util_platform.o
 .rodata.HardFault_c_handler.str1.1
                0x0000000000039eab      0x12e _build/hardfault_implementation.o
 *fill*         0x0000000000039fd9        0x3 
 .rodata.cfsr_msgs.9468
                0x0000000000039fdc       0x68 _build/hardfault_implementation.o
 .rodata.str1.1
                0x000000000003a044      0x4c0 _build/hardfault_implementation.o
 .rodata.nrf_balloc_init.str1.1
                0x000000000003a504       0x50 _build/nrf_balloc.o
 .rodata.nrf_drv_clock_uninit.str1.1
                0x000000000003a554       0x4f _build/nrf_drv_clock.o
 .rodata.str1.1
                0x000000000003a5a3        0x6 _build/nrf_drv_clock.o
 *fill*         0x000000000003a5a9        0x3 
 .rodata        0x000000000003a5ac       0x10 _build/nrf_drv_spi.o
 *fill*         0x000000000003a5bc        0x4 
 .rodata.delay_machine_code.8617
                0x000000000003a5c0        0x6 _build/nrf_drv_twi.o
 .rodata.nrf_gpio_pin_port_decode.isra.0.part.1.str1.1
                0x000000000003a5c6       0x43 _build/nrf_drv_twi.o
 .rodata.str1.1
                0x000000000003a5c6        0xd _build/nrf_fstorage.o
 .rodata.buf_prealloc.str1.1
                0x000000000003a5d3       0x57 _build/nrf_log_frontend.o
 .rodata.nrf_log_frontend_dequeue.str1.1
                0x000000000003a62a       0x11 _build/nrf_log_frontend.o
 .rodata.str1.1
                0x000000000003a63b        0x4 _build/nrf_log_frontend.o
 .rodata.memobj_op.str1.1
                0x000000000003a63f       0x50 _build/nrf_memobj.o
 *fill*         0x000000000003a68f        0x1 
 .rodata.pwr_mgmt_data
                0x000000000003a690        0xc _build/nrf_pwr_mgmt.o
 .rodata.str1.1
                0x000000000003a69c        0x9 _build/nrf_pwr_mgmt.o
 .rodata.nrf_queue_next_idx.str1.1
                0x000000000003a6a5       0x4e _build/nrf_queue.o
 .rodata.nrf_section_iter_init.str1.1
                0x000000000003a6f3       0x69 _build/nrf_section_iter.o
 .rodata.nrf_mtx_unlock.str1.1
                0x000000000003a75c       0x4c _build/nrf_serial.o
 .rodata.nrf_serial_init.str1.1
                0x000000000003a7a8       0x4e _build/nrf_serial.o
 .rodata.uart_event_handler.str1.1
                0x000000000003a7f6       0x50 _build/nrf_serial.o
 .rodata.m_unknown_str
                0x000000000003a846       0x13 _build/nrf_strerror.o
 *fill*         0x000000000003a859        0x3 
 .rodata.nrf_strerror_array
                0x000000000003a85c      0x128 _build/nrf_strerror.o
 .rodata.str1.1
                0x000000000003a984      0x3ba _build/nrf_strerror.o
 .rodata.transaction_end_signal.str1.1
                0x000000000003ad3e       0x54 _build/nrf_twi_mngr.o
 .rodata.nrfx_clock_init.str1.1
                0x000000000003ad92       0x4d _build/nrfx_clock.o
 .rodata.str1.1
                0x000000000003addf        0x6 _build/nrfx_clock.o
 .rodata.nrf_gpio_pin_port_decode.isra.0.part.1.str1.1
                0x000000000003ade5       0x43 _build/nrfx_gpiote.o
 .rodata.nrfx_gpiote_out_init.str1.1
                0x000000000003ade5       0x4e _build/nrfx_gpiote.o
 .rodata.str1.1
                0x000000000003ae33        0x7 _build/nrfx_gpiote.o
 .rodata.str1.1
                0x000000000003ae3a        0x4 _build/nrfx_ppi.o
 .rodata.UARTE0_UART0_IRQHandler.str1.1
                0x000000000003ae3e       0x4f _build/nrfx_prs.o
 .rodata.str1.1
                0x000000000003ae8d        0x4 _build/nrfx_prs.o
 .rodata.str1.1
                0x000000000003ae91        0x4 _build/nrfx_pwm.o
 .rodata.str1.1
                0x000000000003ae95        0x6 _build/nrfx_saadc.o
 .rodata.SPIM1_SPIS1_TWIM1_TWIS1_SPI1_TWI1_IRQHandler.str1.1
                0x000000000003ae9b       0x4c _build/nrfx_spim.o
 .rodata.nrf_gpio_pin_port_decode.isra.0.part.1.str1.1
                0x000000000003aee7       0x43 _build/nrfx_spim.o
 .rodata.nrfx_spim_init.str1.1
                0x000000000003aee7       0x44 _build/nrfx_spim.o
 .rodata.str1.1
                0x000000000003af2b        0x5 _build/nrfx_spim.o
 .rodata.nrfx_timer_init.str1.1
                0x000000000003af30       0x4d _build/nrfx_timer.o
                                         0x91 (size before relaxing)
 .rodata.str1.1
                0x000000000003af7d        0x6 _build/nrfx_timer.o
 .rodata.SPIM0_SPIS0_TWIM0_TWIS0_SPI0_TWI0_IRQHandler.str1.1
                0x000000000003af83       0x4c _build/nrfx_twim.o
 .rodata.nrfx_twim_init.str1.1
                0x000000000003afcf       0x87 _build/nrfx_twim.o
 .rodata.str1.1
                0x000000000003afcf        0x5 _build/nrfx_twim.o
 .rodata.nrf_gpio_pin_port_decode.isra.3.part.4.str1.1
                0x000000000003afd4       0x43 _build/nrfx_uart.o
 .rodata.nrfx_uart_init.str1.1
                0x000000000003afd4       0x4c _build/nrfx_uart.o
                                         0x90 (size before relaxing)
 .rodata.str1.1
                0x000000000003b020        0x5 _build/nrfx_uart.o
 .rodata.nrf_gpio_pin_port_decode.isra.1.part.2.str1.1
                0x000000000003b025       0x43 _build/nrfx_uarte.o
 .rodata.nrfx_uarte_init.str1.1
                0x000000000003b025       0x4d _build/nrfx_uarte.o
                                         0x91 (size before relaxing)
 .rodata.str1.1
                0x000000000003b072        0x6 _build/nrfx_uarte.o
 .rodata.data_length_update.str1.1
                0x000000000003b078       0xdf _build/nrf_ble_gatt.o
 .rodata.nrf_ble_gatt_on_ble_evt.str1.1
                0x000000000003b157       0x60 _build/nrf_ble_gatt.o
 .rodata.str1.1
                0x000000000003b1b7        0xd _build/nrf_ble_gatt.o
 .rodata        0x000000000003b1c4        0x4 _build/nrf_sdh.o
 .rodata.sdh_req_observers
                0x000000000003b1c8        0xc _build/nrf_sdh.o
 .rodata.sdh_stack_observers
                0x000000000003b1d4        0xc _build/nrf_sdh.o
 .rodata.sdh_state_observers
                0x000000000003b1e0        0xc _build/nrf_sdh.o
 .rodata.softdevices_evt_irq_enable.str1.1
                0x000000000003b1ec       0x4e _build/nrf_sdh.o
 .rodata.str1.1
                0x000000000003b23a        0x8 _build/nrf_sdh.o
 .rodata.nrf_sdh_ble_default_cfg_set.str1.1
                0x000000000003b242      0x1c9 _build/nrf_sdh_ble.o
 .rodata.nrf_sdh_ble_enable.str1.1
                0x000000000003b40b       0xa7 _build/nrf_sdh_ble.o
 .rodata.nrf_sdh_ble_evts_poll.part.0.str1.1
                0x000000000003b4b2       0x52 _build/nrf_sdh_ble.o
 .rodata.sdh_ble_observers
                0x000000000003b504        0xc _build/nrf_sdh_ble.o
 .rodata.str1.1
                0x000000000003b510        0xc _build/nrf_sdh_ble.o
 .rodata.CONN_SUP_TIMEOUT
                0x000000000003b51c        0x4 _build/simple_ble.o
                0x000000000003b51c                CONN_SUP_TIMEOUT
 .rodata.FIRST_CONN_PARAMS_UPDATE_DELAY
                0x000000000003b520        0x4 _build/simple_ble.o
                0x000000000003b520                FIRST_CONN_PARAMS_UPDATE_DELAY
 .rodata.SLAVE_LATENCY
                0x000000000003b524        0x4 _build/simple_ble.o
                0x000000000003b524                SLAVE_LATENCY
 .rodata.assert_nrf_callback.str1.1